Component: ARM Compiler 5.06 update 7 (build 960) Tool: armlink [4d3601]

==============================================================================

Section Cross References

    flash.o(i.STMFLASH_Write) refers to stm32f4xx_hal_flash.o(i.HAL_FLASH_Unlock) for HAL_FLASH_Unlock
    flash.o(i.STMFLASH_Write) refers to flash.o(i.STMFLASH_GetFlashSector) for STMFLASH_GetFlashSector
    flash.o(i.STMFLASH_Write) refers to stm32f4xx_hal_flash_ex.o(i.HAL_FLASHEx_Erase) for HAL_FLASHEx_Erase
    flash.o(i.STMFLASH_Write) refers to stm32f4xx_hal_flash.o(i.FLASH_WaitForLastOperation) for FLASH_WaitForLastOperation
    flash.o(i.STMFLASH_Write) refers to stm32f4xx_hal_flash.o(i.HAL_FLASH_Program) for HAL_FLASH_Program
    flash.o(i.STMFLASH_Write) refers to stm32f4xx_hal_flash.o(i.HAL_FLASH_Lock) for HAL_FLASH_Lock
    flash.o(i.Test_Write) refers to flash.o(i.STMFLASH_Write) for STMFLASH_Write
    flash.o(i.flash_erase) refers to stm32f4xx_hal_flash.o(i.FLASH_WaitForLastOperation) for FLASH_WaitForLastOperation
    flash.o(i.flash_erase) refers to stm32f4xx_hal_flash_ex.o(i.HAL_FLASHEx_Erase) for HAL_FLASHEx_Erase
    flash.o(i.flash_write) refers to stm32f4xx_hal_flash.o(i.FLASH_WaitForLastOperation) for FLASH_WaitForLastOperation
    flash.o(i.flash_write) refers to stm32f4xx_hal_flash.o(i.HAL_FLASH_Program) for HAL_FLASH_Program
    flash.o(i.flash_write) refers to flash.o(.data) for .data
    main.o(i.HAL_TIM_PeriodElapsedCallback) refers to stm32f4xx_hal.o(i.HAL_IncTick) for HAL_IncTick
    main.o(i.HAL_TIM_PeriodElapsedCallback) refers to remote_app.o(i.get_rc_analoy_key_value) for get_rc_analoy_key_value
    main.o(i.HAL_TIM_PeriodElapsedCallback) refers to tim.o(.data) for freertos_run_time
    main.o(i.HAL_TIM_PeriodElapsedCallback) refers to main.o(.data) for .data
    main.o(i.HAL_TIM_PeriodElapsedCallback) refers to remote_app.o(.bss) for rc_analog_key
    main.o(i.SystemClock_Config) refers to memseta.o(.text) for __aeabi_memclr4
    main.o(i.SystemClock_Config) refers to stm32f4xx_hal_rcc.o(i.HAL_RCC_OscConfig) for HAL_RCC_OscConfig
    main.o(i.SystemClock_Config) refers to stm32f4xx_hal_rcc.o(i.HAL_RCC_ClockConfig) for HAL_RCC_ClockConfig
    main.o(i.main) refers to stm32f4xx_hal.o(i.HAL_Init) for HAL_Init
    main.o(i.main) refers to main.o(i.SystemClock_Config) for SystemClock_Config
    main.o(i.main) refers to gpio.o(i.MX_GPIO_Init) for MX_GPIO_Init
    main.o(i.main) refers to dma.o(i.MX_DMA_Init) for MX_DMA_Init
    main.o(i.main) refers to can.o(i.MX_CAN1_Init) for MX_CAN1_Init
    main.o(i.main) refers to can.o(i.MX_CAN2_Init) for MX_CAN2_Init
    main.o(i.main) refers to spi.o(i.MX_SPI1_Init) for MX_SPI1_Init
    main.o(i.main) refers to tim.o(i.MX_TIM4_Init) for MX_TIM4_Init
    main.o(i.main) refers to usart.o(i.MX_USART3_UART_Init) for MX_USART3_UART_Init
    main.o(i.main) refers to tim.o(i.MX_TIM3_Init) for MX_TIM3_Init
    main.o(i.main) refers to tim.o(i.MX_TIM10_Init) for MX_TIM10_Init
    main.o(i.main) refers to usart.o(i.MX_USART1_UART_Init) for MX_USART1_UART_Init
    main.o(i.main) refers to usart.o(i.MX_USART6_UART_Init) for MX_USART6_UART_Init
    main.o(i.main) refers to tim.o(i.MX_TIM6_Init) for MX_TIM6_Init
    main.o(i.main) refers to i2c.o(i.MX_I2C3_Init) for MX_I2C3_Init
    main.o(i.main) refers to tim.o(i.MX_TIM1_Init) for MX_TIM1_Init
    main.o(i.main) refers to tim.o(i.MX_TIM7_Init) for MX_TIM7_Init
    main.o(i.main) refers to gpio.o(i.led_laser_configuration) for led_laser_configuration
    main.o(i.main) refers to tim.o(i.freertos_run_tim3_configuration) for freertos_run_tim3_configuration
    main.o(i.main) refers to tim.o(i.tim6_configuration) for tim6_configuration
    main.o(i.main) refers to usart.o(i.usart_Receive_DMA) for usart_Receive_DMA
    main.o(i.main) refers to can.o(i.CAN_APP_INIT) for CAN_APP_INIT
    main.o(i.main) refers to oled.o(i.oled_init) for oled_init
    main.o(i.main) refers to delay.o(i.delay_init) for delay_init
    main.o(i.main) refers to cmsis_os2.o(i.osKernelInitialize) for osKernelInitialize
    main.o(i.main) refers to freertos.o(i.MX_FREERTOS_Init) for MX_FREERTOS_Init
    main.o(i.main) refers to cmsis_os2.o(i.osKernelStart) for osKernelStart
    gpio.o(i.Breathing_lamp) refers to uldiv.o(.text) for __aeabi_uldivmod
    gpio.o(i.Breathing_lamp) refers to tim.o(.data) for freertos_run_time
    gpio.o(i.MX_GPIO_Init) refers to memseta.o(.text) for __aeabi_memclr4
    gpio.o(i.MX_GPIO_Init) refers to stm32f4xx_hal_gpio.o(i.HAL_GPIO_WritePin) for HAL_GPIO_WritePin
    gpio.o(i.MX_GPIO_Init) refers to stm32f4xx_hal_gpio.o(i.HAL_GPIO_Init) for HAL_GPIO_Init
    gpio.o(i.MX_GPIO_Init) refers to stm32f4xx_hal_cortex.o(i.HAL_NVIC_SetPriority) for HAL_NVIC_SetPriority
    gpio.o(i.MX_GPIO_Init) refers to stm32f4xx_hal_cortex.o(i.HAL_NVIC_EnableIRQ) for HAL_NVIC_EnableIRQ
    freertos.o(i.MX_FREERTOS_Init) refers to cmsis_os2.o(i.osThreadNew) for osThreadNew
[...]
    vQueueAddToRegistry                      0x0800f1f9   Thumb Code    34  queue.o(i.vQueueAddToRegistry)
    vQueueWaitForMessageRestricted           0x0800f221   Thumb Code    68  queue.o(i.vQueueWaitForMessageRestricted)
    vTaskDelay                               0x0800f265   Thumb Code    66  tasks.o(i.vTaskDelay)
    vTaskDelayUntil                          0x0800f2b1   Thumb Code   132  tasks.o(i.vTaskDelayUntil)
    vTaskDelete                              0x0800f33d   Thumb Code   130  tasks.o(i.vTaskDelete)
    vTaskInternalSetTimeOutState             0x0800f3cd   Thumb Code    12  tasks.o(i.vTaskInternalSetTimeOutState)
    vTaskMissedYield                         0x0800f3dd   Thumb Code     8  tasks.o(i.vTaskMissedYield)
    vTaskNotifyGiveFromISR                   0x0800f3e9   Thumb Code   162  tasks.o(i.vTaskNotifyGiveFromISR)
    vTaskPlaceOnEventList                    0x0800f499   Thumb Code    44  tasks.o(i.vTaskPlaceOnEventList)
    vTaskPlaceOnEventListRestricted          0x0800f4c9   Thumb Code    52  tasks.o(i.vTaskPlaceOnEventListRestricted)
    vTaskResume                              0x0800f501   Thumb Code   110  tasks.o(i.vTaskResume)
    vTaskStartScheduler                      0x0800f57d   Thumb Code   122  tasks.o(i.vTaskStartScheduler)
    vTaskSuspend                             0x0800f609   Thumb Code   144  tasks.o(i.vTaskSuspend)
    vTaskSuspendAll                          0x0800f6a5   Thumb Code    10  tasks.o(i.vTaskSuspendAll)
    vTaskSwitchContext                       0x0800f6b5   Thumb Code   156  tasks.o(i.vTaskSwitchContext)
    various_types_pid_update                 0x0800f759   Thumb Code   108  cali_task.o(i.various_types_pid_update)
    view_float                               0x0800f7d5   Thumb Code    32  usart.o(i.view_float)
    vision_INS_distance_compensation         0x0800f7f5   Thumb Code   204  gimbal_task.o(i.vision_INS_distance_compensation)
    vision_KM_interface                      0x0800f8d5   Thumb Code   282  gui_task.o(i.vision_KM_interface)
    vision_debug                             0x0800fa35   Thumb Code   320  gui_task.o(i.vision_debug)
    vision_install_compensate                0x0800fb7d   Thumb Code   144  gimbal_task.o(i.vision_install_compensate)
    xPortStartScheduler                      0x08010229   Thumb Code   222  port.o(i.xPortStartScheduler)
    xQueueGenericCreateStatic                0x0801031d   Thumb Code   102  queue.o(i.xQueueGenericCreateStatic)
    xQueueGenericReset                       0x08010385   Thumb Code   132  queue.o(i.xQueueGenericReset)
    xQueueGenericSend                        0x0801040d   Thumb Code   346  queue.o(i.xQueueGenericSend)
    xQueueGenericSendFromISR                 0x0801056d   Thumb Code   188  queue.o(i.xQueueGenericSendFromISR)
    xQueueReceive                            0x08010629   Thumb Code   308  queue.o(i.xQueueReceive)
    xTaskCheckForTimeOut                     0x08010761   Thumb Code   132  tasks.o(i.xTaskCheckForTimeOut)
    xTaskCreate                              0x080107e9   Thumb Code    90  tasks.o(i.xTaskCreate)
    xTaskCreateStatic                        0x08010843   Thumb Code    86  tasks.o(i.xTaskCreateStatic)
    xTaskGetCurrentTaskHandle                0x08010899   Thumb Code     6  tasks.o(i.xTaskGetCurrentTaskHandle)
    xTaskGetHandle                           0x080108a5   Thumb Code   122  tasks.o(i.xTaskGetHandle)
    xTaskGetSchedulerState                   0x0801092d   Thumb Code    22  tasks.o(i.xTaskGetSchedulerState)
    xTaskGetTickCount                        0x08010949   Thumb Code     6  tasks.o(i.xTaskGetTickCount)
    xTaskIncrementTick                       0x08010955   Thumb Code   190  tasks.o(i.xTaskIncrementTick)
    xTaskPriorityDisinherit                  0x08010a1d   Thumb Code   118  tasks.o(i.xTaskPriorityDisinherit)
    xTaskRemoveFromEventList                 0x08010a9d   Thumb Code    98  tasks.o(i.xTaskRemoveFromEventList)
    xTaskResumeAll                           0x08010b0d   Thumb Code   182  tasks.o(i.xTaskResumeAll)
    xTimerCreate                             0x08010bd1   Thumb Code    52  timers.o(i.xTimerCreate)
    xTimerCreateTimerTask                    0x08010c05   Thumb Code    78  timers.o(i.xTimerCreateTimerTask)
    xTimerGenericCommand                     0x08010c65   Thumb Code    98  timers.o(i.xTimerGenericCommand)
    defaultTask_attributes                   0x08010ccc   Data          36  freertos.o(.constdata)
    Start_Task_attr                          0x08010cf0   Data          36  freertos.o(.constdata)
    AHBPrescTable                            0x08010d1c   Data          16  system_stm32f4xx.o(.constdata)
    APBPrescTable                            0x08010d2c   Data           8  system_stm32f4xx.o(.constdata)
    INS_Task_attr                            0x08010e4c   Data          36  start_task.o(.constdata)
    Gimbal_Task_attr                         0x08010e70   Data          36  start_task.o(.constdata)
    Shoot_Task_attr                          0x08010e94   Data          36  start_task.o(.constdata)
    Connect_Task_attr                        0x08010eb8   Data          36  start_task.o(.constdata)
    GUI_Task_attr                            0x08010edc   Data          36  start_task.o(.constdata)
    Monitor_Task_attr                        0x08010f00   Data          36  start_task.o(.constdata)
    Cali_Task_attr                           0x08010f24   Data          36  start_task.o(.constdata)
    F14x16                                   0x08010f66   Data           1  oled.o(.constdata)
    F14x16_Idx                               0x08010f67   Data           7  oled.o(.constdata)
    F6x8                                     0x08010f6e   Data         552  oled.o(.constdata)
    F8X16                                    0x08011196   Data        1520  oled.o(.constdata)
    __mathlib_zero                           0x08011858   Data           8  qnan.o(.constdata)
    Region$$Table$$Base                      0x08011944   Number         0  anon$$obj.o(Region$$Table)
    Region$$Table$$Limit                     0x08011964   Number         0  anon$$obj.o(Region$$Table)
    tim6_run_time                            0x20000000   Data           8  main.o(.data)
    defaultTaskHandle                        0x20000008   Data           4  freertos.o(.data)
    Start_Task_Handler                       0x2000000c   Data           4  freertos.o(.data)
    can1_rx_data                             0x20000014   Data           8  can.o(.data)
    can2_rx_data                             0x2000001c   Data           8  can.o(.data)
    can1_tx_data                             0x20000024   Data           8  can.o(.data)
    can2_tx_data                             0x2000002c   Data           8  can.o(.data)
    freertos_run_time                        0x20000038   Data           8  tim.o(.data)
    PCyaw                                    0x20000044   Data           4  usart.o(.data)
    PCpitch                                  0x20000048   Data           4  usart.o(.data)
    control_data                             0x20000054   Data          62  usart.o(.data)
    uwTickFreq                               0x20000094   Data           1  stm32f4xx_hal.o(.data)
    uwTickPrio                               0x20000098   Data           4  stm32f4xx_hal.o(.data)
    uwTick                                   0x2000009c   Data           4  stm32f4xx_hal.o(.data)
    SystemCoreClock                          0x200000a4   Data           4  system_stm32f4xx.o(.data)
    pxCurrentTCB                             0x200000a8   Data           4  tasks.o(.data)
    connect_data                             0x20000134   Data          48  connect_task.o(.data)
    gimbal_position_init_finish_flag         0x20000164   Data           1  gimbal_task.o(.data)
    view_control_flag                        0x20000165   Data           1  gimbal_task.o(.data)
    robot_work_mode                          0x20000166   Data           1  gimbal_task.o(.data)
    robot_control_mode                       0x20000167   Data           1  gimbal_task.o(.data)
    gimbal_work_mode                         0x20000168   Data           1  gimbal_task.o(.data)
    Gimbal_init_direction_time               0x2000016a   Data           2  gimbal_task.o(.data)
    Auto_KF_Delay                            0x2000016c   Data           2  gimbal_task.o(.data)
    Gravity_distance                         0x2000016e   Data           2  gimbal_task.o(.data)
    pitch_vision_Kp                          0x20000170   Data           4  gimbal_task.o(.data)
    yaw_vision_Kp                            0x20000174   Data           4  gimbal_task.o(.data)
    pitch_vision_Kd                          0x20000178   Data           4  gimbal_task.o(.data)
    yaw_vision_Kd                            0x2000017c   Data           4  gimbal_task.o(.data)
    yaw_install_k                            0x20000180   Data           4  gimbal_task.o(.data)
    pitch_install_k                          0x20000184   Data           4  gimbal_task.o(.data)
    yaw_INS_com_k                            0x20000188   Data           4  gimbal_task.o(.data)
    pitch_distance_com_k                     0x2000018c   Data           4  gimbal_task.o(.data)
    vision_G                                 0x20000190   Data           4  gimbal_task.o(.data)
    yaw_speed_k                              0x20000194   Data           4  gimbal_task.o(.data)
    kf_yaw_angcon                            0x20000198   Data           4  gimbal_task.o(.data)
    pitch_speed_k                            0x2000019c   Data           4  gimbal_task.o(.data)
    kf_pitch_angcon                          0x200001a0   Data           4  gimbal_task.o(.data)
    debug_kf_angle_ramp                      0x200001a4   Data           4  gimbal_task.o(.data)
    kf_speed_yl                              0x200001a8   Data           4  gimbal_task.o(.data)
    debug_speed                              0x200001c4   Data           4  gimbal_task.o(.data)
    GG                                       0x200001c8   Data           4  gimbal_task.o(.data)
    Vision_Angle_Speed_Yaw                   0x200001cc   Data           4  gimbal_task.o(.data)
    Vision_Angle_Speed_Pitch                 0x200001d0   Data           4  gimbal_task.o(.data)
    yaw_kf_result                            0x200001d4   Data           4  gimbal_task.o(.data)
    pitch_kf_result                          0x200001d8   Data           4  gimbal_task.o(.data)
    vision_time_js                           0x200001dc   Data           4  gimbal_task.o(.data)
    debug_kf_y_angle                         0x200001e0   Data           4  gimbal_task.o(.data)
    debug_kf_p_angle                         0x200001e4   Data           4  gimbal_task.o(.data)
    debug_kf_angle_temp                      0x200001e8   Data           4  gimbal_task.o(.data)
    Auto_Error_Yaw                           0x200001ec   Data           8  gimbal_task.o(.data)
    Auto_Error_Pitch                         0x200001f4   Data           8  gimbal_task.o(.data)
    Vision_Time                              0x200001fc   Data           8  gimbal_task.o(.data)
    yaw_kalman_filter_para                   0x20000204   Data         180  gimbal_task.o(.data)
    pitch_kalman_filter_para                 0x200002b8   Data         180  gimbal_task.o(.data)
    gyro_update_flag                         0x20000370   Data           1  ins_task.o(.data)
    accel_update_flag                        0x20000371   Data           1  ins_task.o(.data)
    accel_temp_update_flag                   0x20000372   Data           1  ins_task.o(.data)
    mag_update_flag                          0x20000373   Data           1  ins_task.o(.data)
    imu_start_dma_flag                       0x20000374   Data           1  ins_task.o(.data)
    accel_temp_dma_tx_buf                    0x20000377   Data           4  ins_task.o(.data)
    accel_temp_dma_rx_buf                    0x20000384   Data           4  ins_task.o(.data)
    yaw_temp                                 0x20000388   Data           4  ins_task.o(.data)
    last_yaw_temp                            0x2000038c   Data           4  ins_task.o(.data)
    yaw_cnt                                  0x20000390   Data           4  ins_task.o(.data)
    gyro_dma_tx_buf                          0x20000394   Data           8  ins_task.o(.data)
    gyro_dma_rx_buf                          0x2000039c   Data           8  ins_task.o(.data)
    accel_dma_tx_buf                         0x200003a4   Data           9  ins_task.o(.data)
    gyro_scale_factor                        0x200003b0   Data          36  ins_task.o(.data)
    accel_scale_factor                       0x200003d4   Data          36  ins_task.o(.data)
    mag_scale_factor                         0x200003f8   Data          36  ins_task.o(.data)
    task_suspend_flag                        0x2000041c   Data           1  monitor_task.o(.data)
    Timer_100MS_Task_Handler                 0x20000420   Data           4  monitor_task.o(.data)
    monitor                                  0x20000424   Data         104  monitor_task.o(.data)
    fric_mode                                0x2000048e   Data           1  shoot_task.o(.data)
    shoot_mode                               0x2000048f   Data           1  shoot_task.o(.data)
    FRIC_TEST_SPEED                          0x20000490   Data           2  shoot_task.o(.data)
    INS_Task_Handler                         0x20000498   Data           4  start_task.o(.data)
    Gimbal_Task_Handler                      0x2000049c   Data           4  start_task.o(.data)
    Shoot_Task_Handler                       0x200004a0   Data           4  start_task.o(.data)
    Connect_Task_Handler                     0x200004a4   Data           4  start_task.o(.data)
    GUI_Task_Handler                         0x200004a8   Data           4  start_task.o(.data)
    Monitor_Task_Handler                     0x200004ac   Data           4  start_task.o(.data)
    Cali_Task_Handler                        0x200004b0   Data           4  start_task.o(.data)
    twoKp                                    0x200004b4   Data           4  mahonyahrs.o(.data)
    twoKi                                    0x200004b8   Data           4  mahonyahrs.o(.data)
    integralFBx                              0x200004bc   Data           4  mahonyahrs.o(.data)
    integralFBy                              0x200004c0   Data           4  mahonyahrs.o(.data)
    integralFBz                              0x200004c4   Data           4  mahonyahrs.o(.data)
    cali_gimbal_pid                          0x200004c8   Data         144  pid.o(.data)
    cali_shoot_pid                           0x20000558   Data          96  pid.o(.data)
    cali_chassis_pid                         0x200005b8   Data          48  pid.o(.data)
    BMI088_ACCEL_SEN                         0x200005e8   Data           4  bmi088driver.o(.data)
    BMI088_GYRO_SEN                          0x200005ec   Data           4  bmi088driver.o(.data)
    can1_rx_header                           0x20000618   Data          28  can.o(.bss)
    can2_rx_header                           0x20000634   Data          28  can.o(.bss)
    hcan1                                    0x20000650   Data          40  can.o(.bss)
    hcan2                                    0x20000678   Data          40  can.o(.bss)
    can1_tx_header                           0x200006a0   Data          24  can.o(.bss)
    can2_tx_header                           0x200006b8   Data          24  can.o(.bss)
    hi2c3                                    0x200006d0   Data          84  i2c.o(.bss)
    hspi1                                    0x20000724   Data          88  spi.o(.bss)
    hdma_spi1_rx                             0x2000077c   Data          96  spi.o(.bss)
    hdma_spi1_tx                             0x200007dc   Data          96  spi.o(.bss)
    htim1                                    0x2000083c   Data          64  tim.o(.bss)
    htim3                                    0x2000087c   Data          64  tim.o(.bss)
    htim4                                    0x200008bc   Data          64  tim.o(.bss)
    htim6                                    0x200008fc   Data          64  tim.o(.bss)
    htim7                                    0x2000093c   Data          64  tim.o(.bss)
    htim10                                   0x2000097c   Data          64  tim.o(.bss)
    usart1_tx_cali_data                      0x200009bc   Data          40  usart.o(.bss)
    usart3_remote_data                       0x200009e4   Data          36  usart.o(.bss)
    PCrx                                     0x20000a08   Data          16  usart.o(.bss)
    huart1                                   0x20000a18   Data          64  usart.o(.bss)
    huart3                                   0x20000a58   Data          64  usart.o(.bss)
    huart6                                   0x20000a98   Data          64  usart.o(.bss)
    hdma_usart1_tx                           0x20000ad8   Data          96  usart.o(.bss)
    hdma_usart1_rx                           0x20000b38   Data          96  usart.o(.bss)
    hdma_usart3_rx                           0x20000b98   Data          96  usart.o(.bss)
    hdma_usart6_rx                           0x20000bf8   Data          96  usart.o(.bss)
    hdma_usart6_tx                           0x20000c58   Data          96  usart.o(.bss)
    htim2                                    0x20000cb8   Data          64  stm32f4xx_hal_timebase_tim.o(.bss)
    xQueueRegistry                           0x20000cf8   Data          64  queue.o(.bss)
    fric_motor1_msg                          0x200079dc   Data          80  can1_app.o(.bss)
    fric_motor2_msg                          0x20007a2c   Data          80  can1_app.o(.bss)
    trigger_motor_msg                        0x20007a7c   Data          80  can1_app.o(.bss)
    yaw_motor_msg                            0x20007acc   Data          80  can2_app.o(.bss)
    pitch_motor_msg                          0x20007b1c   Data          80  can2_app.o(.bss)
    pitch1_motor_msg                         0x20007b6c   Data          80  can2_app.o(.bss)
    Judge_data                               0x20007bbc   Data          20  can2_app.o(.bss)
    rc_ctrl_data                             0x20007bd0   Data          32  remote_app.o(.bss)
    rc_analog_key                            0x20007bf0   Data          12  remote_app.o(.bss)
    shoot_mag                                0x20007bfc   Data          10  rule.o(.bss)
    pc_cali_tx                               0x20007c08   Data          32  cali_task.o(.bss)
    pc_cali                                  0x20007c28   Data          77  cali_task.o(.bss)
    cali_other_pid                           0x20007c78   Data          24  cali_task.o(.bss)
    gimbal_pid                               0x20007c90   Data         432  gimbal_task.o(.bss)
    gimbal_control_data                      0x20007e40   Data          72  gimbal_task.o(.bss)
    Vision_Yaw_speed_Struct                  0x20007e88   Data          28  gimbal_task.o(.bss)
    Vision_Pitch_speed_Struct                0x20007ea4   Data          28  gimbal_task.o(.bss)
    yaw_kalman_filter                        0x20007ec0   Data         108  gimbal_task.o(.bss)
    pitch_kalman_filter                      0x20007f2c   Data         108  gimbal_task.o(.bss)
    vision_KM                                0x20007f98   Data          56  gimbal_task.o(.bss)
    INS_gyro                                 0x20007ff4   Data          12  ins_task.o(.bss)
    INS_quat                                 0x20008018   Data          16  ins_task.o(.bss)
    INS_angle                                0x20008028   Data          12  ins_task.o(.bss)
    INS                                      0x20008034   Data          24  ins_task.o(.bss)
    accel_dma_rx_buf                         0x2000804c   Data           9  ins_task.o(.bss)
    bmi088_real_data                         0x20008058   Data          36  ins_task.o(.bss)
    gyro_offset                              0x2000807c   Data          12  ins_task.o(.bss)
    accel_offset                             0x20008088   Data          12  ins_task.o(.bss)
    ist8310_real_data                        0x20008094   Data          16  ins_task.o(.bss)
    mag_offset                               0x200080a4   Data          12  ins_task.o(.bss)
    shoot_pid                                0x200080f8   Data         288  shoot_task.o(.bss)
    shoot_control_data                       0x20008218   Data          80  shoot_task.o(.bss)
    __initial_sp                             0x2000c268   Data           0  startup_stm32f407xx.o(STACK)



==============================================================================

Memory Map of the image

  Image Entry point : 0x08000189

  Load Region LR_IROM1 (Base: 0x08000000, Size: 0x00011f7c, Max: 0x00100000, ABSOLUTE, COMPRESSED[0x00011a94])

    Execution Region ER_IROM1 (Exec base: 0x08000000, Load base: 0x08000000, Size: 0x00011964, Max: 0x00100000, ABSOLUTE)

    Exec Addr    Load Addr    Size         Type   Attr      Idx    E Section Name        Object

    0x08000000   0x08000000   0x00000188   Data   RO         6332    RESET               startup_stm32f407xx.o
    0x08000188   0x08000188   0x00000000   Code   RO         8830  * .ARM.Collect$$$$00000000  mc_w.l(entry.o)
    0x08000188   0x08000188   0x00000004   Code   RO         9157    .ARM.Collect$$$$00000001  mc_w.l(entry2.o)
    0x0800018c   0x0800018c   0x00000004   Code   RO         9160    .ARM.Collect$$$$00000004  mc_w.l(entry5.o)
    0x08000190   0x08000190   0x00000000   Code   RO         9162    .ARM.Collect$$$$00000008  mc_w.l(entry7b.o)
    0x08000190   0x08000190   0x00000000   Code   RO         9164    .ARM.Collect$$$$0000000A  mc_w.l(entry8b.o)
    0x08000190   0x08000190   0x00000008   Code   RO         9165    .ARM.Collect$$$$0000000B  mc_w.l(entry9a.o)
    0x08000198   0x08000198   0x00000004   Code   RO         9172    .ARM.Collect$$$$0000000E  mc_w.l(entry12b.o)
    0x0800019c   0x0800019c   0x00000000   Code   RO         9167    .ARM.Collect$$$$0000000F  mc_w.l(entry10a.o)
    0x0800019c   0x0800019c   0x00000000   Code   RO         9169    .ARM.Collect$$$$00000011  mc_w.l(entry11a.o)
    0x0800019c   0x0800019c   0x00000004   Code   RO         9158    .ARM.Collect$$$$00002712  mc_w.l(entry2.o)
    0x080001a0   0x080001a0   0x000000be   Code   RO         6253    .emb_text           port.o
    0x0800025e   0x0800025e   0x00000002   PAD
    0x08000260   0x08000260   0x00000024   Code   RO         6333    .text               startup_stm32f407xx.o
    0x08000284   0x08000284   0x00000062   Code   RO         8833    .text               mc_w.l(uldiv.o)
    0x080002e6   0x080002e6   0x00000024   Code   RO         8835    .text               mc_w.l(memcpya.o)
    0x0800030a   0x0800030a   0x00000024   Code   RO         8839    .text               mc_w.l(memseta.o)
    0x0800032e   0x0800032e   0x0000000e   Code   RO         8841    .text               mc_w.l(strlen.o)
    0x0800033c   0x0800033c   0x0000014e   Code   RO         9108    .text               mf_w.l(dadd.o)
    0x0800048a   0x0800048a   0x000000e4   Code   RO         9110    .text               mf_w.l(dmul.o)
    0x0800056e   0x0800056e   0x00000026   Code   RO         9112    .text               mf_w.l(f2d.o)
    0x08000594   0x08000594   0x00000038   Code   RO         9114    .text               mf_w.l(d2f.o)
    0x080005cc   0x080005cc   0x0000001e   Code   RO         9175    .text               mc_w.l(llshl.o)
    0x080005ea   0x080005ea   0x00000020   Code   RO         9177    .text               mc_w.l(llushr.o)
    0x0800060a   0x0800060a   0x00000024   Code   RO         9179    .text               mc_w.l(llsshr.o)
    0x0800062e   0x0800062e   0x00000000   Code   RO         9188    .text               mc_w.l(iusefp.o)
    0x0800062e   0x0800062e   0x0000006e   Code   RO         9189    .text               mf_w.l(fepilogue.o)
    0x0800069c   0x0800069c   0x000000ba   Code   RO         9191    .text               mf_w.l(depilogue.o)
    0x08000756   0x08000756   0x000000de   Code   RO         9193    .text               mf_w.l(ddiv.o)
    0x08000834   0x08000834   0x000000a2   Code   RO         9197    .text               mf_w.l(dsqrt.o)
    0x080008d6   0x080008d6   0x00000022   Code   RO         9199    .text               mf_w.l(dflti.o)
    0x080008f8   0x080008f8   0x00000030   Code   RO         9205    .text               mf_w.l(cdcmple.o)
    0x08000928   0x08000928   0x00000024   Code   RO         9209    .text               mc_w.l(init.o)
    0x0800094c   0x0800094c   0x00000056   Code   RO         9219    .text               mc_w.l(__dczerorl2.o)
    0x080009a2   0x080009a2   0x00000002   PAD
    0x080009a4   0x080009a4   0x00000020   Code   RO         7257    i.AHRS_init         ins_task.o
    0x080009c4   0x080009c4   0x00000010   Code   RO         7258    i.AHRS_update       ins_task.o
    0x080009d4   0x080009d4   0x00000010   Code   RO         8055    i.BMI088_ACCEL_NS_H  bmi088middleware.o
    0x080009e4   0x080009e4   0x00000010   Code   RO         8056    i.BMI088_ACCEL_NS_L  bmi088middleware.o
    0x080009f4   0x080009f4   0x0000007c   Code   RO         8057    i.BMI088_GPIO_init  bmi088middleware.o
    0x08000a70   0x08000a70   0x00000010   Code   RO         8058    i.BMI088_GYRO_NS_H  bmi088middleware.o
    0x08000a80   0x08000a80   0x00000010   Code   RO         8059    i.BMI088_GYRO_NS_L  bmi088middleware.o
    0x08000a90   0x08000a90   0x00000088   Code   RO         7802    i.BMI088_accel_read_over  bmi088driver.o
    0x08000b18   0x08000b18   0x00000002   Code   RO         8060    i.BMI088_com_init   bmi088middleware.o
    0x08000b1a   0x08000b1a   0x00000004   Code   RO         8061    i.BMI088_delay_ms   bmi088middleware.o
    0x08000b1e   0x08000b1e   0x00000004   Code   RO         8062    i.BMI088_delay_us   bmi088middleware.o
    0x08000b22   0x08000b22   0x00000002   PAD
    0x08000b24   0x08000b24   0x00000060   Code   RO         7803    i.BMI088_gyro_read_over  bmi088driver.o
    0x08000b84   0x08000b84   0x0000002e   Code   RO         7804    i.BMI088_init       bmi088driver.o
    0x08000bb2   0x08000bb2   0x00000002   PAD
    0x08000bb4   0x08000bb4   0x00000158   Code   RO         7805    i.BMI088_read       bmi088driver.o
    0x08000d0c   0x08000d0c   0x00000024   Code   RO         7808    i.BMI088_read_muli_reg  bmi088driver.o
    0x08000d30   0x08000d30   0x00000016   Code   RO         7809    i.BMI088_read_single_reg  bmi088driver.o
    0x08000d46   0x08000d46   0x00000002   PAD
    0x08000d48   0x08000d48   0x00000020   Code   RO         8063    i.BMI088_read_write_byte  bmi088middleware.o
    0x08000d68   0x08000d68   0x0000002e   Code   RO         7810    i.BMI088_temperature_read_over  bmi088driver.o
    0x08000d96   0x08000d96   0x00000012   Code   RO         7811    i.BMI088_write_single_reg  bmi088driver.o
    0x08000da8   0x08000da8   0x00000030   Code   RO          335    i.Breathing_lamp    gpio.o
    0x08000dd8   0x08000dd8   0x00000002   Code   RO          875    i.BusFault_Handler  stm32f4xx_it.o
    0x08000dda   0x08000dda   0x00000002   PAD
    0x08000ddc   0x08000ddc   0x0000000c   Code   RO          876    i.CAN1_RX0_IRQHandler  stm32f4xx_it.o
    0x08000de8   0x08000de8   0x0000000c   Code   RO          877    i.CAN1_TX_IRQHandler  stm32f4xx_it.o
    0x08000df4   0x08000df4   0x0000000c   Code   RO          878    i.CAN2_RX0_IRQHandler  stm32f4xx_it.o
    0x08000e00   0x08000e00   0x0000000c   Code   RO          879    i.CAN2_TX_IRQHandler  stm32f4xx_it.o
    0x08000e0c   0x08000e0c   0x00000064   Code   RO          432    i.CAN_APP_INIT      can.o
    0x08000e70   0x08000e70   0x00000038   Code   RO          880    i.DMA1_Stream1_IRQHandler  stm32f4xx_it.o
    0x08000ea8   0x08000ea8   0x0000000c   Code   RO          881    i.DMA2_Stream1_IRQHandler  stm32f4xx_it.o
    0x08000eb4   0x08000eb4   0x000002c4   Code   RO         7259    i.DMA2_Stream2_IRQHandler  ins_task.o
    0x08001178   0x08001178   0x0000000c   Code   RO          882    i.DMA2_Stream3_IRQHandler  stm32f4xx_it.o
    0x08001184   0x08001184   0x0000000c   Code   RO          883    i.DMA2_Stream5_IRQHandler  stm32f4xx_it.o
    0x08001190   0x08001190   0x0000000c   Code   RO          884    i.DMA2_Stream6_IRQHandler  stm32f4xx_it.o
    0x0800119c   0x0800119c   0x0000000c   Code   RO          885    i.DMA2_Stream7_IRQHandler  stm32f4xx_it.o
    0x080011a8   0x080011a8   0x00000028   Code   RO         1838    i.DMA_CalcBaseAndBitshift  stm32f4xx_hal_dma.o
    0x080011d0   0x080011d0   0x00000054   Code   RO         1839    i.DMA_CheckFifoParam  stm32f4xx_hal_dma.o
    0x08001224   0x08001224   0x00000028   Code   RO         1840    i.DMA_SetConfig     stm32f4xx_hal_dma.o
    0x0800124c   0x0800124c   0x00000002   Code   RO          886    i.DebugMon_Handler  stm32f4xx_it.o
    0x0800124e   0x0800124e   0x00000006   Code   RO          887    i.EXTI0_IRQHandler  stm32f4xx_it.o
    0x08001254   0x08001254   0x00000006   Code   RO          888    i.EXTI3_IRQHandler  stm32f4xx_it.o
    0x0800125a   0x0800125a   0x00000006   Code   RO          889    i.EXTI4_IRQHandler  stm32f4xx_it.o
    0x08001260   0x08001260   0x00000006   Code   RO          890    i.EXTI9_5_IRQHandler  stm32f4xx_it.o
    0x08001266   0x08001266   0x00000004   Code   RO          191    i.Error_Handler     main.o
    0x0800126a   0x0800126a   0x00000002   PAD
    0x0800126c   0x0800126c   0x00000138   Code   RO         7098    i.GUI_interaction   gui_task.o
    0x080013a4   0x080013a4   0x00000014   Code   RO         7099    i.GUI_task          gui_task.o
    0x080013b8   0x080013b8   0x00000114   Code   RO         7100    i.GYRO_device       gui_task.o
    0x080014cc   0x080014cc   0x00000078   Code   RO         1131    i.HAL_CAN_ActivateNotification  stm32f4xx_hal_can.o
    0x08001544   0x08001544   0x00000194   Code   RO         1132    i.HAL_CAN_AddTxMessage  stm32f4xx_hal_can.o
    0x080016d8   0x080016d8   0x000001f4   Code   RO         1133    i.HAL_CAN_ConfigFilter  stm32f4xx_hal_can.o
    0x080018cc   0x080018cc   0x00000002   Code   RO         1136    i.HAL_CAN_ErrorCallback  stm32f4xx_hal_can.o
    0x080018ce   0x080018ce   0x00000002   PAD
    0x080018d0   0x080018d0   0x00000140   Code   RO         1139    i.HAL_CAN_GetRxMessage  stm32f4xx_hal_can.o
    0x08001a10   0x08001a10   0x000001fc   Code   RO         1143    i.HAL_CAN_IRQHandler  stm32f4xx_hal_can.o
    0x08001c0c   0x08001c0c   0x000002d8   Code   RO         1144    i.HAL_CAN_Init      stm32f4xx_hal_can.o
    0x08001ee4   0x08001ee4   0x0000011c   Code   RO          434    i.HAL_CAN_MspInit   can.o
    0x08002000   0x08002000   0x00000002   Code   RO         1151    i.HAL_CAN_RxFifo0FullCallback  stm32f4xx_hal_can.o
    0x08002002   0x08002002   0x00000002   PAD
    0x08002004   0x08002004   0x0000005c   Code   RO          435    i.HAL_CAN_RxFifo0MsgPendingCallback  can.o
    0x08002060   0x08002060   0x00000002   Code   RO         1153    i.HAL_CAN_RxFifo1FullCallback  stm32f4xx_hal_can.o
    0x08002062   0x08002062   0x00000002   Code   RO         1154    i.HAL_CAN_RxFifo1MsgPendingCallback  stm32f4xx_hal_can.o
    0x08002064   0x08002064   0x00000002   Code   RO         1155    i.HAL_CAN_SleepCallback  stm32f4xx_hal_can.o
    0x08002066   0x08002066   0x00000002   PAD
    0x08002068   0x08002068   0x00000058   Code   RO         1156    i.HAL_CAN_Start     stm32f4xx_hal_can.o
    0x080020c0   0x080020c0   0x00000002   Code   RO         1158    i.HAL_CAN_TxMailbox0AbortCallback  stm32f4xx_hal_can.o
    0x080020c2   0x080020c2   0x00000002   Code   RO         1159    i.HAL_CAN_TxMailbox0CompleteCallback  stm32f4xx_hal_can.o
    0x080020c4   0x080020c4   0x00000002   Code   RO         1160    i.HAL_CAN_TxMailbox1AbortCallback  stm32f4xx_hal_can.o
    0x080020c6   0x080020c6   0x00000002   Code   RO         1161    i.HAL_CAN_TxMailbox1CompleteCallback  stm32f4xx_hal_can.o
    0x080020c8   0x080020c8   0x00000002   Code   RO         1162    i.HAL_CAN_TxMailbox2AbortCallback  stm32f4xx_hal_can.o
    0x080020ca   0x080020ca   0x00000002   Code   RO         1163    i.HAL_CAN_TxMailbox2CompleteCallback  stm32f4xx_hal_can.o
    0x080020cc   0x080020cc   0x00000002   Code   RO         1165    i.HAL_CAN_WakeUpFromRxMsgCallback  stm32f4xx_hal_can.o
    0x080020ce   0x080020ce   0x0000008e   Code   RO         1841    i.HAL_DMA_Abort     stm32f4xx_hal_dma.o
    0x0800215c   0x0800215c   0x00000024   Code   RO         1842    i.HAL_DMA_Abort_IT  stm32f4xx_hal_dma.o
    0x08002180   0x08002180   0x000001a0   Code   RO         1846    i.HAL_DMA_IRQHandler  stm32f4xx_hal_dma.o
    0x08002320   0x08002320   0x000002e0   Code   RO         1847    i.HAL_DMA_Init      stm32f4xx_hal_dma.o
    0x08002600   0x08002600   0x000000c8   Code   RO         1851    i.HAL_DMA_Start_IT  stm32f4xx_hal_dma.o
    0x080026c8   0x080026c8   0x00000078   Code   RO         7260    i.HAL_GPIO_EXTI_Callback  ins_task.o
    0x08002740   0x08002740   0x00000018   Code   RO         1733    i.HAL_GPIO_EXTI_IRQHandler  stm32f4xx_hal_gpio.o
    0x08002758   0x08002758   0x00000310   Code   RO         1734    i.HAL_GPIO_Init     stm32f4xx_hal_gpio.o
    0x08002a68   0x08002a68   0x0000006c   Code   RO         1738    i.HAL_GPIO_WritePin  stm32f4xx_hal_gpio.o
    0x08002ad4   0x08002ad4   0x0000000c   Code   RO         2266    i.HAL_GetTick       stm32f4xx_hal.o
    0x08002ae0   0x08002ae0   0x00000288   Code   RO         2522    i.HAL_I2C_Init      stm32f4xx_hal_i2c.o
    0x08002d68   0x08002d68   0x00000240   Code   RO         2540    i.HAL_I2C_Mem_Read  stm32f4xx_hal_i2c.o
    0x08002fa8   0x08002fa8   0x0000017c   Code   RO         2543    i.HAL_I2C_Mem_Write  stm32f4xx_hal_i2c.o
    0x08003124   0x08003124   0x00000088   Code   RO          522    i.HAL_I2C_MspInit   i2c.o
    0x080031ac   0x080031ac   0x00000010   Code   RO         2272    i.HAL_IncTick       stm32f4xx_hal.o
    0x080031bc   0x080031bc   0x00000034   Code   RO         2273    i.HAL_Init          stm32f4xx_hal.o
    0x080031f0   0x080031f0   0x00000074   Code   RO         1091    i.HAL_InitTick      stm32f4xx_hal_timebase_tim.o
    0x08003264   0x08003264   0x00000038   Code   RO         1067    i.HAL_MspInit       stm32f4xx_hal_msp.o
    0x0800329c   0x0800329c   0x0000006c   Code   RO         2122    i.HAL_NVIC_DisableIRQ  stm32f4xx_hal_cortex.o
    0x08003308   0x08003308   0x00000064   Code   RO         2123    i.HAL_NVIC_EnableIRQ  stm32f4xx_hal_cortex.o
    0x0800336c   0x0800336c   0x000000a0   Code   RO         2129    i.HAL_NVIC_SetPriority  stm32f4xx_hal_cortex.o
    0x0800340c   0x0800340c   0x00000080   Code   RO         2130    i.HAL_NVIC_SetPriorityGrouping  stm32f4xx_hal_cortex.o
    0x0800348c   0x0800348c   0x0000024c   Code   RO         1365    i.HAL_RCC_ClockConfig  stm32f4xx_hal_rcc.o
    0x080036d8   0x080036d8   0x00000040   Code   RO         1369    i.HAL_RCC_GetClockConfig  stm32f4xx_hal_rcc.o
    0x08003718   0x08003718   0x00000020   Code   RO         1372    i.HAL_RCC_GetPCLK1Freq  stm32f4xx_hal_rcc.o
    0x08003738   0x08003738   0x00000020   Code   RO         1373    i.HAL_RCC_GetPCLK2Freq  stm32f4xx_hal_rcc.o
    0x08003758   0x08003758   0x00000064   Code   RO         1374    i.HAL_RCC_GetSysClockFreq  stm32f4xx_hal_rcc.o
    0x080037bc   0x080037bc   0x00000498   Code   RO         1377    i.HAL_RCC_OscConfig  stm32f4xx_hal_rcc.o
    0x08003c54   0x08003c54   0x000001b4   Code   RO         2967    i.HAL_SPI_Init      stm32f4xx_hal_spi.o
    0x08003e08   0x08003e08   0x000000fc   Code   RO          564    i.HAL_SPI_MspInit   spi.o
    0x08003f04   0x08003f04   0x00000228   Code   RO         2976    i.HAL_SPI_TransmitReceive  stm32f4xx_hal_spi.o
    0x0800412c   0x0800412c   0x00000064   Code   RO         2132    i.HAL_SYSTICK_CLKSourceConfig  stm32f4xx_hal_cortex.o
    0x08004190   0x08004190   0x00000002   Code   RO         3956    i.HAL_TIMEx_BreakCallback  stm32f4xx_hal_tim_ex.o
    0x08004192   0x08004192   0x00000002   Code   RO         3957    i.HAL_TIMEx_CommutCallback  stm32f4xx_hal_tim_ex.o
    0x08004194   0x08004194   0x00000148   Code   RO         3959    i.HAL_TIMEx_ConfigBreakDeadTime  stm32f4xx_hal_tim_ex.o
    0x080042dc   0x080042dc   0x00000150   Code   RO         3974    i.HAL_TIMEx_MasterConfigSynchronization  stm32f4xx_hal_tim_ex.o
    0x0800442c   0x0800442c   0x0000014c   Code   RO         3280    i.HAL_TIM_Base_Init  stm32f4xx_hal_tim.o
    0x08004578   0x08004578   0x000000ec   Code   RO          618    i.HAL_TIM_Base_MspInit  tim.o
    0x08004664   0x08004664   0x000000f4   Code   RO         3285    i.HAL_TIM_Base_Start_IT  stm32f4xx_hal_tim.o
    0x08004758   0x08004758   0x00000400   Code   RO         3289    i.HAL_TIM_ConfigClockSource  stm32f4xx_hal_tim.o
    0x08004b58   0x08004b58   0x00000002   Code   RO         3309    i.HAL_TIM_IC_CaptureCallback  stm32f4xx_hal_tim.o
    0x08004b5a   0x08004b5a   0x00000166   Code   RO         3323    i.HAL_TIM_IRQHandler  stm32f4xx_hal_tim.o
    0x08004cc0   0x08004cc0   0x000000e8   Code   RO          619    i.HAL_TIM_MspPostInit  tim.o
    0x08004da8   0x08004da8   0x00000002   Code   RO         3326    i.HAL_TIM_OC_DelayElapsedCallback  stm32f4xx_hal_tim.o
    0x08004daa   0x08004daa   0x00000002   PAD
    0x08004dac   0x08004dac   0x0000027c   Code   RO         3347    i.HAL_TIM_PWM_ConfigChannel  stm32f4xx_hal_tim.o
    0x08005028   0x08005028   0x0000014c   Code   RO         3350    i.HAL_TIM_PWM_Init  stm32f4xx_hal_tim.o
    0x08005174   0x08005174   0x00000002   Code   RO         3352    i.HAL_TIM_PWM_MspInit  stm32f4xx_hal_tim.o
    0x08005176   0x08005176   0x00000002   Code   RO         3353    i.HAL_TIM_PWM_PulseFinishedCallback  stm32f4xx_hal_tim.o
    0x08005178   0x08005178   0x0000016c   Code   RO         3355    i.HAL_TIM_PWM_Start  stm32f4xx_hal_tim.o
    0x080052e4   0x080052e4   0x00000058   Code   RO          192    i.HAL_TIM_PeriodElapsedCallback  main.o
    0x0800533c   0x0800533c   0x00000002   Code   RO         3366    i.HAL_TIM_TriggerCallback  stm32f4xx_hal_tim.o
    0x0800533e   0x0800533e   0x00000058   Code   RO         4226    i.HAL_UART_DMAStop  stm32f4xx_hal_uart.o
    0x08005396   0x08005396   0x00000002   Code   RO         4228    i.HAL_UART_ErrorCallback  stm32f4xx_hal_uart.o
    0x08005398   0x08005398   0x00000114   Code   RO         4231    i.HAL_UART_IRQHandler  stm32f4xx_hal_uart.o
    0x080054ac   0x080054ac   0x0000014c   Code   RO         4232    i.HAL_UART_Init     stm32f4xx_hal_uart.o
    0x080055f8   0x080055f8   0x00000280   Code   RO          756    i.HAL_UART_MspInit  usart.o
    0x08005878   0x08005878   0x00000098   Code   RO         4236    i.HAL_UART_Receive_DMA  stm32f4xx_hal_uart.o
    0x08005910   0x08005910   0x00000002   Code   RO         4238    i.HAL_UART_RxCpltCallback  stm32f4xx_hal_uart.o
    0x08005912   0x08005912   0x00000002   Code   RO         4239    i.HAL_UART_RxHalfCpltCallback  stm32f4xx_hal_uart.o
    0x08005914   0x08005914   0x000000ba   Code   RO         4240    i.HAL_UART_Transmit  stm32f4xx_hal_uart.o
    0x080059ce   0x080059ce   0x00000002   Code   RO         4243    i.HAL_UART_TxCpltCallback  stm32f4xx_hal_uart.o
    0x080059d0   0x080059d0   0x00000002   Code   RO          891    i.HardFault_Handler  stm32f4xx_it.o
    0x080059d2   0x080059d2   0x0000002e   Code   RO         2564    i.I2C_IsAcknowledgeFailed  stm32f4xx_hal_i2c.o
    0x08005a00   0x08005a00   0x000000fc   Code   RO         2574    i.I2C_RequestMemoryRead  stm32f4xx_hal_i2c.o
    0x08005afc   0x08005afc   0x000000a8   Code   RO         2575    i.I2C_RequestMemoryWrite  stm32f4xx_hal_i2c.o
    0x08005ba4   0x08005ba4   0x0000004c   Code   RO         2578    i.I2C_WaitOnBTFFlagUntilTimeout  stm32f4xx_hal_i2c.o
    0x08005bf0   0x08005bf0   0x00000068   Code   RO         2579    i.I2C_WaitOnFlagUntilTimeout  stm32f4xx_hal_i2c.o
    0x08005c58   0x08005c58   0x00000096   Code   RO         2580    i.I2C_WaitOnMasterAddressFlagUntilTimeout  stm32f4xx_hal_i2c.o
    0x08005cee   0x08005cee   0x00000066   Code   RO         2581    i.I2C_WaitOnRXNEFlagUntilTimeout  stm32f4xx_hal_i2c.o
    0x08005d54   0x08005d54   0x0000004c   Code   RO         2582    i.I2C_WaitOnTXEFlagUntilTimeout  stm32f4xx_hal_i2c.o
    0x08005da0   0x08005da0   0x000002fc   Code   RO         7261    i.INS_task          ins_task.o
    0x0800609c   0x0800609c   0x00000054   Code   RO         8237    i.LEDPIN_Init       oled.o
    0x080060f0   0x080060f0   0x00000014   Code   RO         8240    i.LED_DLY_ms        oled.o
    0x08006104   0x08006104   0x00000038   Code   RO         8241    i.LED_Fill          oled.o
    0x0800613c   0x0800613c   0x00000034   Code   RO         8243    i.LED_P6x8Char      oled.o
    0x08006170   0x08006170   0x0000005c   Code   RO         8244    i.LED_P6x8Str       oled.o
    0x080061cc   0x080061cc   0x00000066   Code   RO         8248    i.LED_PrintValueC   oled.o
    0x08006232   0x08006232   0x00000002   PAD
    0x08006234   0x08006234   0x000001e8   Code   RO         8249    i.LED_PrintValueF   oled.o
    0x0800641c   0x0800641c   0x000000e2   Code   RO         8250    i.LED_PrintValueFP  oled.o
    0x080064fe   0x080064fe   0x000000aa   Code   RO         8251    i.LED_PrintValueI   oled.o
    0x080065a8   0x080065a8   0x00000060   Code   RO         8253    i.LED_PrintValueI2  oled.o
    0x08006608   0x08006608   0x00000022   Code   RO         8254    i.LED_Set_Pos       oled.o
    0x0800662a   0x0800662a   0x00000002   PAD
    0x0800662c   0x0800662c   0x0000003c   Code   RO         8255    i.LED_WrCmd         oled.o
    0x08006668   0x08006668   0x0000003c   Code   RO         8256    i.LED_WrDat         oled.o
    0x080066a4   0x080066a4   0x00000044   Code   RO          436    i.MX_CAN1_Init      can.o
    0x080066e8   0x080066e8   0x00000044   Code   RO          437    i.MX_CAN2_Init      can.o
    0x0800672c   0x0800672c   0x0000009c   Code   RO          497    i.MX_DMA_Init       dma.o
    0x080067c8   0x080067c8   0x00000030   Code   RO          371    i.MX_FREERTOS_Init  freertos.o
    0x080067f8   0x080067f8   0x000001e0   Code   RO          336    i.MX_GPIO_Init      gpio.o
    0x080069d8   0x080069d8   0x00000040   Code   RO          523    i.MX_I2C3_Init      i2c.o
    0x08006a18   0x08006a18   0x00000048   Code   RO          565    i.MX_SPI1_Init      spi.o
    0x08006a60   0x08006a60   0x00000068   Code   RO          620    i.MX_TIM10_Init     tim.o
    0x08006ac8   0x08006ac8   0x000000cc   Code   RO          621    i.MX_TIM1_Init      tim.o
    0x08006b94   0x08006b94   0x00000064   Code   RO          622    i.MX_TIM3_Init      tim.o
    0x08006bf8   0x08006bf8   0x00000098   Code   RO          623    i.MX_TIM4_Init      tim.o
    0x08006c90   0x08006c90   0x00000044   Code   RO          624    i.MX_TIM6_Init      tim.o
    0x08006cd4   0x08006cd4   0x00000048   Code   RO          625    i.MX_TIM7_Init      tim.o
    0x08006d1c   0x08006d1c   0x00000038   Code   RO          757    i.MX_USART1_UART_Init  usart.o
    0x08006d54   0x08006d54   0x00000040   Code   RO          758    i.MX_USART3_UART_Init  usart.o
    0x08006d94   0x08006d94   0x00000038   Code   RO          759    i.MX_USART6_UART_Init  usart.o
    0x08006dcc   0x08006dcc   0x00000378   Code   RO         7610    i.MahonyAHRSupdate  mahonyahrs.o
    0x08007144   0x08007144   0x000001fc   Code   RO         7611    i.MahonyAHRSupdateIMU  mahonyahrs.o
    0x08007340   0x08007340   0x00000002   Code   RO          892    i.MemManage_Handler  stm32f4xx_it.o
    0x08007342   0x08007342   0x00000002   Code   RO          893    i.NMI_Handler       stm32f4xx_it.o
    0x08007344   0x08007344   0x000000dc   Code   RO         7764    i.PID_Calc          pid.o
    0x08007420   0x08007420   0x00000028   Code   RO         7765    i.PID_Reset         pid.o
    0x08007448   0x08007448   0x00000128   Code   RO         7262    i.PID_calc          ins_task.o
    0x08007570   0x08007570   0x0000000a   Code   RO         6488    i.RC_abs            remote_app.o
    0x0800757a   0x0800757a   0x00000002   PAD
    0x0800757c   0x0800757c   0x00000084   Code   RO         6489    i.RC_data_error_process  remote_app.o
    0x08007600   0x08007600   0x00001270   Code   RO          566    i.SPI1_DMA_enable   spi.o
    0x08008870   0x08008870   0x000000ec   Code   RO          567    i.SPI1_DMA_init     spi.o
    0x0800895c   0x0800895c   0x00000058   Code   RO         3005    i.SPI_EndRxTxTransaction  stm32f4xx_hal_spi.o
    0x080089b4   0x080089b4   0x00000094   Code   RO         3010    i.SPI_WaitFlagStateUntilTimeout  stm32f4xx_hal_spi.o
    0x08008a48   0x08008a48   0x00000014   Code   RO         8259    i.SetAddressingMode  oled.o
    0x08008a5c   0x08008a5c   0x00000014   Code   RO         8261    i.SetContrastControl  oled.o
    0x08008a70   0x08008a70   0x00000008   Code   RO         8264    i.SetStartLine      oled.o
    0x08008a78   0x08008a78   0x00000016   Code   RO         8266    i.Set_Charge_Pump   oled.o
    0x08008a8e   0x08008a8e   0x00000016   Code   RO         8267    i.Set_Common_Config  oled.o
    0x08008aa4   0x08008aa4   0x00000008   Code   RO         8268    i.Set_Common_Remap  oled.o
    0x08008aac   0x08008aac   0x00000014   Code   RO         8269    i.Set_Display_Clock  oled.o
    0x08008ac0   0x08008ac0   0x00000014   Code   RO         8270    i.Set_Display_Offset  oled.o
    0x08008ad4   0x08008ad4   0x00000008   Code   RO         8271    i.Set_Display_On_Off  oled.o
    0x08008adc   0x08008adc   0x00000008   Code   RO         8272    i.Set_Entire_Display  oled.o
    0x08008ae4   0x08008ae4   0x00000008   Code   RO         8273    i.Set_Inverse_Display  oled.o
    0x08008aec   0x08008aec   0x00000014   Code   RO         8274    i.Set_Multiplex_Ratio  oled.o
    0x08008b00   0x08008b00   0x00000014   Code   RO         8276    i.Set_Precharge_Period  oled.o
    0x08008b14   0x08008b14   0x00000008   Code   RO         8277    i.Set_Segment_Remap  oled.o
    0x08008b1c   0x08008b1c   0x00000014   Code   RO         8278    i.Set_VCOMH         oled.o
    0x08008b30   0x08008b30   0x00000008   Code   RO          372    i.StartDefaultTask  freertos.o
    0x08008b38   0x08008b38   0x0000002c   Code   RO         6254    i.SysTick_Handler   port.o
    0x08008b64   0x08008b64   0x00000094   Code   RO          193    i.SystemClock_Config  main.o
    0x08008bf8   0x08008bf8   0x0000001c   Code   RO         4600    i.SystemInit        system_stm32f4xx.o
    0x08008c14   0x08008c14   0x0000001c   Code   RO          894    i.TIM1_UP_TIM10_IRQHandler  stm32f4xx_it.o
    0x08008c30   0x08008c30   0x0000000c   Code   RO          895    i.TIM2_IRQHandler   stm32f4xx_it.o
    0x08008c3c   0x08008c3c   0x00000014   Code   RO          896    i.TIM3_IRQHandler   stm32f4xx_it.o
    0x08008c50   0x08008c50   0x0000000c   Code   RO          897    i.TIM6_DAC_IRQHandler  stm32f4xx_it.o
    0x08008c5c   0x08008c5c   0x0000000c   Code   RO          898    i.TIM7_IRQHandler   stm32f4xx_it.o
    0x08008c68   0x08008c68   0x000000c8   Code   RO         3368    i.TIM_Base_SetConfig  stm32f4xx_hal_tim.o
    0x08008d30   0x08008d30   0x000000f4   Code   RO         3369    i.TIM_CCxChannelCmd  stm32f4xx_hal_tim.o
    0x08008e24   0x08008e24   0x00000014   Code   RO         3379    i.TIM_ETR_SetConfig  stm32f4xx_hal_tim.o
    0x08008e38   0x08008e38   0x00000010   Code   RO         3380    i.TIM_ITRx_SetConfig  stm32f4xx_hal_tim.o
    0x08008e48   0x08008e48   0x000000e4   Code   RO         3381    i.TIM_OC1_SetConfig  stm32f4xx_hal_tim.o
    0x08008f2c   0x08008f2c   0x000000ec   Code   RO         3382    i.TIM_OC2_SetConfig  stm32f4xx_hal_tim.o
    0x08009018   0x08009018   0x000000ec   Code   RO         3383    i.TIM_OC3_SetConfig  stm32f4xx_hal_tim.o
    0x08009104   0x08009104   0x000000a4   Code   RO         3384    i.TIM_OC4_SetConfig  stm32f4xx_hal_tim.o
    0x080091a8   0x080091a8   0x00000022   Code   RO         3386    i.TIM_TI1_ConfigInputStage  stm32f4xx_hal_tim.o
    0x080091ca   0x080091ca   0x00000024   Code   RO         3388    i.TIM_TI2_ConfigInputStage  stm32f4xx_hal_tim.o
    0x080091ee   0x080091ee   0x00000002   PAD
    0x080091f0   0x080091f0   0x0000019c   Code   RO          760    i.TX2_MES           usart.o
    0x0800938c   0x0800938c   0x0000005c   Code   RO          761    i.TX2_RX_INT        usart.o
    0x080093e8   0x080093e8   0x0000001c   Code   RO         7388    i.Timer_100MS_Task  monitor_task.o
    0x08009404   0x08009404   0x0000002c   Code   RO          762    i.Transmit_To_vision  usart.o
    0x08009430   0x08009430   0x00000010   Code   RO         4245    i.UART_DMAAbortOnError  stm32f4xx_hal_uart.o
    0x08009440   0x08009440   0x0000004a   Code   RO         4246    i.UART_DMAError     stm32f4xx_hal_uart.o
    0x0800948a   0x0800948a   0x0000003c   Code   RO         4247    i.UART_DMAReceiveCplt  stm32f4xx_hal_uart.o
    0x080094c6   0x080094c6   0x0000000a   Code   RO         4249    i.UART_DMARxHalfCplt  stm32f4xx_hal_uart.o
    0x080094d0   0x080094d0   0x0000001c   Code   RO         4255    i.UART_EndRxTransfer  stm32f4xx_hal_uart.o
    0x080094ec   0x080094ec   0x00000012   Code   RO         4256    i.UART_EndTxTransfer  stm32f4xx_hal_uart.o
    0x080094fe   0x080094fe   0x00000096   Code   RO         4257    i.UART_Receive_IT   stm32f4xx_hal_uart.o
    0x08009594   0x08009594   0x000001bc   Code   RO         4258    i.UART_SetConfig    stm32f4xx_hal_uart.o
    0x08009750   0x08009750   0x00000062   Code   RO         4259    i.UART_Transmit_IT  stm32f4xx_hal_uart.o
    0x080097b2   0x080097b2   0x00000064   Code   RO         4260    i.UART_WaitOnFlagUntilTimeout  stm32f4xx_hal_uart.o
    0x08009816   0x08009816   0x00000002   PAD
    0x08009818   0x08009818   0x00000014   Code   RO          899    i.USART1_IRQHandler  stm32f4xx_it.o
    0x0800982c   0x0800982c   0x0000000c   Code   RO          900    i.USART6_IRQHandler  stm32f4xx_it.o
    0x08009838   0x08009838   0x00000002   Code   RO          901    i.UsageFault_Handler  stm32f4xx_it.o
    0x0800983a   0x0800983a   0x00000030   Code   RO         9136    i.__ARM_fpclassify  m_wm.l(fpclassify.o)
    0x0800986a   0x0800986a   0x00000026   Code   RO         9138    i.__ARM_fpclassifyf  m_wm.l(fpclassifyf.o)
    0x08009890   0x08009890   0x00000020   Code   RO         2136    i.__NVIC_SetPriority  stm32f4xx_hal_cortex.o
    0x080098b0   0x080098b0   0x0000012c   Code   RO         8740    i.__hardfp_asinf    m_wm.l(asinf.o)
    0x080099dc   0x080099dc   0x00000004   PAD
    0x080099e0   0x080099e0   0x000002d8   Code   RO         8752    i.__hardfp_atan     m_wm.l(atan.o)
    0x08009cb8   0x08009cb8   0x000002ac   Code   RO         8766    i.__hardfp_atan2f   m_wm.l(atan2f.o)
    0x08009f64   0x08009f64   0x00000004   PAD
    0x08009f68   0x08009f68   0x000003c4   Code   RO         8792    i.__hardfp_log      m_wm.l(log.o)
    0x0800a32c   0x0800a32c   0x0000007a   Code   RO         8806    i.__hardfp_sqrt     m_wm.l(sqrt_full.o)
    0x0800a3a6   0x0800a3a6   0x0000003a   Code   RO         8812    i.__hardfp_sqrtf    m_wm.l(sqrtf_full.o)
    0x0800a3e0   0x0800a3e0   0x000000f8   Code   RO         9154    i.__kernel_poly     m_wm.l(poly.o)
    0x0800a4d8   0x0800a4d8   0x00000030   Code   RO         9116    i.__mathlib_dbl_divzero  m_wm.l(dunder.o)
    0x0800a508   0x0800a508   0x00000014   Code   RO         9117    i.__mathlib_dbl_infnan  m_wm.l(dunder.o)
    0x0800a51c   0x0800a51c   0x00000004   PAD
    0x0800a520   0x0800a520   0x00000020   Code   RO         9119    i.__mathlib_dbl_invalid  m_wm.l(dunder.o)
    0x0800a540   0x0800a540   0x00000020   Code   RO         9122    i.__mathlib_dbl_underflow  m_wm.l(dunder.o)
    0x0800a560   0x0800a560   0x00000006   Code   RO         9141    i.__mathlib_flt_infnan  m_wm.l(funder.o)
    0x0800a566   0x0800a566   0x00000006   Code   RO         9142    i.__mathlib_flt_infnan2  m_wm.l(funder.o)
    0x0800a56c   0x0800a56c   0x00000010   Code   RO         9143    i.__mathlib_flt_invalid  m_wm.l(funder.o)
    0x0800a57c   0x0800a57c   0x00000010   Code   RO         9146    i.__mathlib_flt_underflow  m_wm.l(funder.o)
    0x0800a58c   0x0800a58c   0x0000000e   Code   RO         9213    i.__scatterload_copy  mc_w.l(handlers.o)
    0x0800a59a   0x0800a59a   0x00000002   Code   RO         9214    i.__scatterload_null  mc_w.l(handlers.o)
    0x0800a59c   0x0800a59c   0x0000000e   Code   RO         9215    i.__scatterload_zeroinit  mc_w.l(handlers.o)
    0x0800a5aa   0x0800a5aa   0x00000002   PAD
    0x0800a5ac   0x0800a5ac   0x0000000c   Code   RO         9183    i.__set_errno       mc_w.l(errno.o)
    0x0800a5b8   0x0800a5b8   0x00000002   Code   RO          194    i.assert_failed     main.o
    0x0800a5ba   0x0800a5ba   0x00000002   PAD
    0x0800a5bc   0x0800a5bc   0x00000064   Code   RO         6670    i.beep_process      cali_task.o
    0x0800a620   0x0800a620   0x00000128   Code   RO         7812    i.bmi088_accel_init  bmi088driver.o
    0x0800a748   0x0800a748   0x000002c0   Code   RO         7813    i.bmi088_accel_self_test  bmi088driver.o
    0x0800aa08   0x0800aa08   0x000000dc   Code   RO         7814    i.bmi088_gyro_init  bmi088driver.o
    0x0800aae4   0x0800aae4   0x000000ca   Code   RO         7815    i.bmi088_gyro_self_test  bmi088driver.o
    0x0800abae   0x0800abae   0x00000002   PAD
    0x0800abb0   0x0800abb0   0x000000bc   Code   RO         7101    i.bsp_interface     gui_task.o
    0x0800ac6c   0x0800ac6c   0x00000170   Code   RO         7102    i.bsp_senior_msg    gui_task.o
    0x0800addc   0x0800addc   0x00000010   Code   RO          626    i.buzzer1_off       tim.o
    0x0800adec   0x0800adec   0x000000a8   Code   RO         7103    i.buzzer_device     gui_task.o
    0x0800ae94   0x0800ae94   0x0000000c   Code   RO          628    i.buzzer_off        tim.o
    0x0800aea0   0x0800aea0   0x00000010   Code   RO          629    i.buzzer_on         tim.o
    0x0800aeb0   0x0800aeb0   0x00000018   Code   RO         6671    i.cali_init         cali_task.o
    0x0800aec8   0x0800aec8   0x00000074   Code   RO         6672    i.cali_task         cali_task.o
    0x0800af3c   0x0800af3c   0x00000076   Code   RO         6673    i.cali_various_motor_pid  cali_task.o
    0x0800afb2   0x0800afb2   0x00000002   PAD
    0x0800afb4   0x0800afb4   0x00000054   Code   RO         6340    i.can1_message_progress  can1_app.o
    0x0800b008   0x0800b008   0x0000004c   Code   RO         6788    i.can2_get_rc_data  connect_task.o
    0x0800b054   0x0800b054   0x00000078   Code   RO         6412    i.can2_message_progress  can2_app.o
    0x0800b0cc   0x0800b0cc   0x000001c0   Code   RO         7104    i.can_device        gui_task.o
    0x0800b28c   0x0800b28c   0x000000ac   Code   RO         7105    i.can_device_interface  gui_task.o
    0x0800b338   0x0800b338   0x000000cc   Code   RO         7106    i.can_single_device_msg  gui_task.o
    0x0800b404   0x0800b404   0x00000010   Code   RO          373    i.configureTimerForRunTimeStats  freertos.o
    0x0800b414   0x0800b414   0x0000001a   Code   RO         6791    i.connect_cm_speed_process  connect_task.o
    0x0800b42e   0x0800b42e   0x00000002   PAD
    0x0800b430   0x0800b430   0x00000034   Code   RO         6793    i.connect_task      connect_task.o
    0x0800b464   0x0800b464   0x00000020   Code   RO         6894    i.constrain_float   gimbal_task.o
    0x0800b484   0x0800b484   0x000001f4   Code   RO         7107    i.dbus_device       gui_task.o
    0x0800b678   0x0800b678   0x00000038   Code   RO         4533    i.delay_init        delay.o
    0x0800b6b0   0x0800b6b0   0x00000038   Code   RO         4534    i.delay_ms          delay.o
    0x0800b6e8   0x0800b6e8   0x00000034   Code   RO         4535    i.delay_us          delay.o
    0x0800b71c   0x0800b71c   0x00000074   Code   RO         5206    i.eTaskGetState     tasks.o
    0x0800b790   0x0800b790   0x00000040   Code   RO         7389    i.error_list_display  monitor_task.o
    0x0800b7d0   0x0800b7d0   0x00000018   Code   RO         9132    i.fabs              m_wm.l(fabs.o)
    0x0800b7e8   0x0800b7e8   0x00000020   Code   RO          630    i.freertos_run_tim3_configuration  tim.o
    0x0800b808   0x0800b808   0x0000000c   Code   RO          374    i.getRunTimeCounterValue  freertos.o
    0x0800b814   0x0800b814   0x00000008   Code   RO         7265    i.get_INS_point     ins_task.o
    0x0800b81c   0x0800b81c   0x000000b0   Code   RO         7266    i.get_angle         ins_task.o
    0x0800b8cc   0x0800b8cc   0x000000dc   Code   RO         7267    i.get_angle_and_gyro_value  ins_task.o
    0x0800b9a8   0x0800b9a8   0x00000010   Code   RO         6674    i.get_cali_pid      cali_task.o
    0x0800b9b8   0x0800b9b8   0x00000020   Code   RO         6675    i.get_cali_pid_data  cali_task.o
    0x0800b9d8   0x0800b9d8   0x00000008   Code   RO         6794    i.get_connect_data_point  connect_task.o
    0x0800b9e0   0x0800b9e0   0x0000000c   Code   RO         7444    i.get_fric_mode     shoot_task.o
    0x0800b9ec   0x0800b9ec   0x00000008   Code   RO         6341    i.get_fric_motor1_msg_point  can1_app.o
    0x0800b9f4   0x0800b9f4   0x00000008   Code   RO         6342    i.get_fric_motor2_msg_point  can1_app.o
    0x0800b9fc   0x0800b9fc   0x0000000c   Code   RO         6896    i.get_gimbal_work_mode  gimbal_task.o
    0x0800ba08   0x0800ba08   0x0000008e   Code   RO         7445    i.get_mouse_press_msg  shoot_task.o
    0x0800ba96   0x0800ba96   0x00000002   PAD
    0x0800ba98   0x0800ba98   0x00000008   Code   RO         6413    i.get_pitch1_motor_msg_point  can2_app.o
    0x0800baa0   0x0800baa0   0x00000008   Code   RO         6414    i.get_pitch_motor_msg_point  can2_app.o
    0x0800baa8   0x0800baa8   0x0000004c   Code   RO         6490    i.get_rc_analoy_key_value  remote_app.o
    0x0800baf4   0x0800baf4   0x00000098   Code   RO         7446    i.get_rc_control_msg  shoot_task.o
    0x0800bb8c   0x0800bb8c   0x00000008   Code   RO         6491    i.get_rc_data_point  remote_app.o
    0x0800bb94   0x0800bb94   0x0000009a   Code   RO         6492    i.get_remote_data   remote_app.o
    0x0800bc2e   0x0800bc2e   0x00000002   PAD
    0x0800bc30   0x0800bc30   0x0000000c   Code   RO         6897    i.get_robot_control_mode  gimbal_task.o
    0x0800bc3c   0x0800bc3c   0x0000000c   Code   RO         6898    i.get_robot_work_mode  gimbal_task.o
    0x0800bc48   0x0800bc48   0x0000000c   Code   RO         7447    i.get_shoot_mode    shoot_task.o
    0x0800bc54   0x0800bc54   0x0000006c   Code   RO         7448    i.get_shoot_related_flags  shoot_task.o
    0x0800bcc0   0x0800bcc0   0x00000008   Code   RO         6343    i.get_trigger_motor_msg_point  can1_app.o
    0x0800bcc8   0x0800bcc8   0x00000008   Code   RO         6415    i.get_yaw_motor_msg_point  can2_app.o
    0x0800bcd0   0x0800bcd0   0x000000b2   Code   RO         6899    i.gimbal_cascade_pid_calculate  gimbal_task.o
    0x0800bd82   0x0800bd82   0x00000002   PAD
    0x0800bd84   0x0800bd84   0x00000054   Code   RO         6900    i.gimbal_control_loop  gimbal_task.o
    0x0800bdd8   0x0800bdd8   0x00000080   Code   RO         6901    i.gimbal_init       gimbal_task.o
    0x0800be58   0x0800be58   0x000000bc   Code   RO         6416    i.gimbal_motor_msg_process  can2_app.o
    0x0800bf14   0x0800bf14   0x00000040   Code   RO         6902    i.gimbal_pid_init   gimbal_task.o
    0x0800bf54   0x0800bf54   0x000003c8   Code   RO         6903    i.gimbal_set_and_fdb_update  gimbal_task.o
    0x0800c31c   0x0800c31c   0x0000008c   Code   RO         6905    i.gimbal_task       gimbal_task.o
    0x0800c3a8   0x0800c3a8   0x00000014   Code   RO         6906    i.gimbal_val_limit  gimbal_task.o
    0x0800c3bc   0x0800c3bc   0x00000024   Code   RO         6907    i.gimbal_val_limit_float  gimbal_task.o
    0x0800c3e0   0x0800c3e0   0x00000040   Code   RO         6908    i.gimbal_work_mode_update  gimbal_task.o
    0x0800c420   0x0800c420   0x000000ec   Code   RO         7269    i.imu_cali_slove    ins_task.o
    0x0800c50c   0x0800c50c   0x000000fc   Code   RO         7270    i.imu_cmd_spi_dma   ins_task.o
    0x0800c608   0x0800c608   0x0000000c   Code   RO          632    i.imu_pwm_set       tim.o
    0x0800c614   0x0800c614   0x0000007c   Code   RO         7271    i.imu_temp_control  ins_task.o
    0x0800c690   0x0800c690   0x00000014   Code   RO         7612    i.invSqrt           mahonyahrs.o
    0x0800c6a4   0x0800c6a4   0x00000040   Code   RO         7390    i.is_lost           monitor_task.o
    0x0800c6e4   0x0800c6e4   0x0000004c   Code   RO         8159    i.ist8310_GPIO_init  ist8310driver_middleware.o
    0x0800c730   0x0800c730   0x00000024   Code   RO         8161    i.ist8310_IIC_read_single_reg  ist8310driver_middleware.o
    0x0800c754   0x0800c754   0x00000024   Code   RO         8163    i.ist8310_IIC_write_single_reg  ist8310driver_middleware.o
    0x0800c778   0x0800c778   0x00000010   Code   RO         8164    i.ist8310_RST_H     ist8310driver_middleware.o
    0x0800c788   0x0800c788   0x00000010   Code   RO         8165    i.ist8310_RST_L     ist8310driver_middleware.o
    0x0800c798   0x0800c798   0x00000002   Code   RO         8166    i.ist8310_com_init  ist8310driver_middleware.o
    0x0800c79a   0x0800c79a   0x00000004   Code   RO         8167    i.ist8310_delay_ms  ist8310driver_middleware.o
    0x0800c79e   0x0800c79e   0x00000002   PAD
    0x0800c7a0   0x0800c7a0   0x00000080   Code   RO         8124    i.ist8310_init      ist8310driver.o
    0x0800c820   0x0800c820   0x0000012c   Code   RO         7108    i.judge_data        gui_task.o
    0x0800c94c   0x0800c94c   0x000000b4   Code   RO         7109    i.laser_device      gui_task.o
    0x0800ca00   0x0800ca00   0x000000f4   Code   RO         7110    i.led_device        gui_task.o
    0x0800caf4   0x0800caf4   0x00000020   Code   RO          337    i.led_laser_configuration  gpio.o
    0x0800cb14   0x0800cb14   0x00000070   Code   RO          195    i.main              main.o
    0x0800cb84   0x0800cb84   0x0000008c   Code   RO         7111    i.menu_interface    gui_task.o
    0x0800cc10   0x0800cc10   0x0000007c   Code   RO         7391    i.monitor_process   monitor_task.o
    0x0800cc8c   0x0800cc8c   0x000000a0   Code   RO         7392    i.monitor_task      monitor_task.o
    0x0800cd2c   0x0800cd2c   0x00000038   Code   RO         6909    i.mouse_sensit_cali  gimbal_task.o
    0x0800cd64   0x0800cd64   0x00000098   Code   RO         8280    i.oled_init         oled.o
    0x0800cdfc   0x0800cdfc   0x00000034   Code   RO         5768    i.osDelay           cmsis_os2.o
    0x0800ce30   0x0800ce30   0x00000034   Code   RO         5782    i.osKernelInitialize  cmsis_os2.o
    0x0800ce64   0x0800ce64   0x00000044   Code   RO         5783    i.osKernelLock      cmsis_os2.o
    0x0800cea8   0x0800cea8   0x0000003c   Code   RO         5785    i.osKernelStart     cmsis_os2.o
    0x0800cee4   0x0800cee4   0x00000054   Code   RO         5786    i.osKernelUnlock    cmsis_os2.o
    0x0800cf38   0x0800cf38   0x00000004   Code   RO         5813    i.osThreadGetId     cmsis_os2.o
    0x0800cf3c   0x0800cf3c   0x000000a4   Code   RO         5818    i.osThreadNew       cmsis_os2.o
    0x0800cfe0   0x0800cfe0   0x0000004c   Code   RO         5822    i.osThreadTerminate  cmsis_os2.o
    0x0800d02c   0x0800d02c   0x00000020   Code   RO         5207    i.pcTaskGetName     tasks.o
    0x0800d04c   0x0800d04c   0x000002bc   Code   RO         7112    i.pid_cascade_debug  gui_task.o
    0x0800d308   0x0800d308   0x0000012c   Code   RO         7113    i.pid_cascade_interface  gui_task.o
    0x0800d434   0x0800d434   0x000001c4   Code   RO         7114    i.pid_debugging     gui_task.o
    0x0800d5f8   0x0800d5f8   0x00000098   Code   RO         7115    i.pid_interface     gui_task.o
    0x0800d690   0x0800d690   0x00000244   Code   RO         7116    i.pid_single_debug  gui_task.o
    0x0800d8d4   0x0800d8d4   0x0000009c   Code   RO         7117    i.pid_single_interface  gui_task.o
    0x0800d970   0x0800d970   0x00000064   Code   RO         5208    i.prvAddCurrentTaskToDelayedList  tasks.o
    0x0800d9d4   0x0800d9d4   0x000000d0   Code   RO         5209    i.prvAddNewTaskToReadyList  tasks.o
    0x0800daa4   0x0800daa4   0x00000058   Code   RO         5605    i.prvCheckForValidListAndQueue  timers.o
    0x0800dafc   0x0800dafc   0x00000026   Code   RO         4805    i.prvCopyDataFromQueue  queue.o
    0x0800db22   0x0800db22   0x0000006c   Code   RO         4806    i.prvCopyDataToQueue  queue.o
    0x0800db8e   0x0800db8e   0x00000034   Code   RO         5210    i.prvDeleteTCB      tasks.o
    0x0800dbc2   0x0800dbc2   0x00000002   PAD
    0x0800dbc4   0x0800dbc4   0x0000004c   Code   RO         6204    i.prvHeapInit       heap_4.o
    0x0800dc10   0x0800dc10   0x00000060   Code   RO         5211    i.prvIdleTask       tasks.o
    0x0800dc70   0x0800dc70   0x00000022   Code   RO         4808    i.prvInitialiseNewQueue  queue.o
    0x0800dc92   0x0800dc92   0x000000b6   Code   RO         5212    i.prvInitialiseNewTask  tasks.o
    0x0800dd48   0x0800dd48   0x0000004e   Code   RO         5606    i.prvInitialiseNewTimer  timers.o
    0x0800dd96   0x0800dd96   0x00000002   PAD
    0x0800dd98   0x0800dd98   0x0000004c   Code   RO         6205    i.prvInsertBlockIntoFreeList  heap_4.o
    0x0800dde4   0x0800dde4   0x00000038   Code   RO         5607    i.prvInsertTimerInActiveList  timers.o
    0x0800de1c   0x0800de1c   0x0000001c   Code   RO         4809    i.prvIsQueueEmpty   queue.o
    0x0800de38   0x0800de38   0x000000fc   Code   RO         5608    i.prvProcessReceivedCommands  timers.o
    0x0800df34   0x0800df34   0x000000c0   Code   RO         5609    i.prvProcessTimerOrBlockTask  timers.o
    0x0800dff4   0x0800dff4   0x00000020   Code   RO         5214    i.prvResetNextTaskUnblockTime  tasks.o
    0x0800e014   0x0800e014   0x00000028   Code   RO         5610    i.prvSampleTimeNow  timers.o
    0x0800e03c   0x0800e03c   0x00000058   Code   RO         5215    i.prvSearchForNameWithinSingleList  tasks.o
    0x0800e094   0x0800e094   0x0000006c   Code   RO         5611    i.prvSwitchTimerLists  timers.o
    0x0800e100   0x0800e100   0x00000028   Code   RO         6255    i.prvTaskExitError  port.o
    0x0800e128   0x0800e128   0x00000034   Code   RO         5217    i.prvTaskIsTaskSuspended  tasks.o
    0x0800e15c   0x0800e15c   0x00000024   Code   RO         5612    i.prvTimerTask      timers.o
    0x0800e180   0x0800e180   0x0000006a   Code   RO         4810    i.prvUnlockQueue    queue.o
    0x0800e1ea   0x0800e1ea   0x00000002   PAD
    0x0800e1ec   0x0800e1ec   0x000000d8   Code   RO         6206    i.pvPortMalloc      heap_4.o
    0x0800e2c4   0x0800e2c4   0x00000010   Code   RO          633    i.pwm1_off          tim.o
    0x0800e2d4   0x0800e2d4   0x0000002c   Code   RO         6256    i.pxPortInitialiseStack  port.o
    0x0800e300   0x0800e300   0x00000018   Code   RO         6493    i.rc_analoy_key_init  remote_app.o
    0x0800e318   0x0800e318   0x00000020   Code   RO         6910    i.robot_control_mode_update  gimbal_task.o
    0x0800e338   0x0800e338   0x00000070   Code   RO         6911    i.robot_work_mode_update  gimbal_task.o
    0x0800e3a8   0x0800e3a8   0x000000b8   Code   RO         6797    i.send_gyro_data_to_chassis  connect_task.o
    0x0800e460   0x0800e460   0x00000054   Code   RO         6798    i.send_rc_to_chassis  connect_task.o
    0x0800e4b4   0x0800e4b4   0x000000b4   Code   RO         6678    i.send_state_data_package  cali_task.o
    0x0800e568   0x0800e568   0x00000078   Code   RO         6912    i.set_GUI_task_state  gimbal_task.o
    0x0800e5e0   0x0800e5e0   0x00000078   Code   RO         6799    i.set_chassis_CM_pid_data_to_chassis  connect_task.o
    0x0800e658   0x0800e658   0x00000088   Code   RO         6800    i.set_chassis_rotate_pid_data_to_chassis  connect_task.o
    0x0800e6e0   0x0800e6e0   0x00000048   Code   RO         6417    i.set_gimbal_behaviour  can2_app.o
    0x0800e728   0x0800e728   0x0000003c   Code   RO         6418    i.set_gimbal_stop   can2_app.o
    0x0800e764   0x0800e764   0x00000048   Code   RO         6344    i.set_shoot_behaviour  can1_app.o
    0x0800e7ac   0x0800e7ac   0x0000003c   Code   RO         6345    i.set_shoot_stop    can1_app.o
    0x0800e7e8   0x0800e7e8   0x0000001a   Code   RO         6419    i.shoot_42mm_mag    can2_app.o
    0x0800e802   0x0800e802   0x00000010   Code   RO         7451    i.shoot_abs         shoot_task.o
    0x0800e812   0x0800e812   0x0000009a   Code   RO         7452    i.shoot_cascade_pid_calculate  shoot_task.o
    0x0800e8ac   0x0800e8ac   0x000000c4   Code   RO         7118    i.shoot_device      gui_task.o
    0x0800e970   0x0800e970   0x00000034   Code   RO         6554    i.shoot_heat_limit  rule.o
    0x0800e9a4   0x0800e9a4   0x0000002c   Code   RO         6420    i.shoot_judge_process  can2_app.o
    0x0800e9d0   0x0800e9d0   0x00000038   Code   RO         6555    i.shoot_limit       rule.o
    0x0800ea08   0x0800ea08   0x0000008c   Code   RO         7453    i.shoot_magazine_control  shoot_task.o
    0x0800ea94   0x0800ea94   0x00000070   Code   RO         7454    i.shoot_mode_update  shoot_task.o
    0x0800eb04   0x0800eb04   0x000000d8   Code   RO         6346    i.shoot_motor_msg_process  can1_app.o
    0x0800ebdc   0x0800ebdc   0x00000040   Code   RO         7455    i.shoot_pid_init    shoot_task.o
    0x0800ec1c   0x0800ec1c   0x000000cc   Code   RO         7456    i.shoot_set_and_fdb_update  shoot_task.o
    0x0800ece8   0x0800ece8   0x00000050   Code   RO         6556    i.shoot_speed_limit  rule.o
    0x0800ed38   0x0800ed38   0x000000d4   Code   RO         7457    i.shoot_task        shoot_task.o
    0x0800ee0c   0x0800ee0c   0x0000003e   Code   RO         8814    i.sqrtf             m_wm.l(sqrtf_full.o)
    0x0800ee4a   0x0800ee4a   0x00000002   PAD
    0x0800ee4c   0x0800ee4c   0x0000009c   Code   RO         7541    i.start_task        start_task.o
    0x0800eee8   0x0800eee8   0x00000014   Code   RO          635    i.tim6_configuration  tim.o
    0x0800eefc   0x0800eefc   0x00000038   Code   RO         6679    i.type_conversion   cali_task.o
    0x0800ef34   0x0800ef34   0x00000068   Code   RO         5220    i.ulTaskNotifyTake  tasks.o
    0x0800ef9c   0x0800ef9c   0x00000014   Code   RO          765    i.usart1_send_data  usart.o
    0x0800efb0   0x0800efb0   0x0000001c   Code   RO          766    i.usart3_reset      usart.o
    0x0800efcc   0x0800efcc   0x00000034   Code   RO          767    i.usart_Receive_DMA  usart.o
    0x0800f000   0x0800f000   0x00000026   Code   RO         4765    i.uxListRemove      list.o
    0x0800f026   0x0800f026   0x00000002   PAD
    0x0800f028   0x0800f028   0x00000014   Code   RO         5830    i.vApplicationGetIdleTaskMemory  cmsis_os2.o
    0x0800f03c   0x0800f03c   0x00000018   Code   RO         5831    i.vApplicationGetTimerTaskMemory  cmsis_os2.o
    0x0800f054   0x0800f054   0x00000002   Code   RO          375    i.vApplicationStackOverflowHook  freertos.o
    0x0800f056   0x0800f056   0x00000016   Code   RO         4766    i.vListInitialise   list.o
    0x0800f06c   0x0800f06c   0x00000006   Code   RO         4767    i.vListInitialiseItem  list.o
    0x0800f072   0x0800f072   0x00000030   Code   RO         4768    i.vListInsert       list.o
    0x0800f0a2   0x0800f0a2   0x00000018   Code   RO         4769    i.vListInsertEnd    list.o
    0x0800f0ba   0x0800f0ba   0x00000002   PAD
    0x0800f0bc   0x0800f0bc   0x00000040   Code   RO         6258    i.vPortEnterCritical  port.o
    0x0800f0fc   0x0800f0fc   0x00000028   Code   RO         6259    i.vPortExitCritical  port.o
    0x0800f124   0x0800f124   0x0000005c   Code   RO         6207    i.vPortFree         heap_4.o
    0x0800f180   0x0800f180   0x00000024   Code   RO         6260    i.vPortSetupTimerInterrupt  port.o
    0x0800f1a4   0x0800f1a4   0x00000054   Code   RO         6261    i.vPortValidateInterruptPriority  port.o
    0x0800f1f8   0x0800f1f8   0x00000028   Code   RO         4816    i.vQueueAddToRegistry  queue.o
    0x0800f220   0x0800f220   0x00000044   Code   RO         4820    i.vQueueWaitForMessageRestricted  queue.o
    0x0800f264   0x0800f264   0x0000004c   Code   RO         5229    i.vTaskDelay        tasks.o
    0x0800f2b0   0x0800f2b0   0x0000008c   Code   RO         5230    i.vTaskDelayUntil   tasks.o
    0x0800f33c   0x0800f33c   0x00000090   Code   RO         5231    i.vTaskDelete       tasks.o
    0x0800f3cc   0x0800f3cc   0x00000010   Code   RO         5235    i.vTaskInternalSetTimeOutState  tasks.o
    0x0800f3dc   0x0800f3dc   0x0000000c   Code   RO         5237    i.vTaskMissedYield  tasks.o
    0x0800f3e8   0x0800f3e8   0x000000b0   Code   RO         5238    i.vTaskNotifyGiveFromISR  tasks.o
    0x0800f498   0x0800f498   0x00000030   Code   RO         5239    i.vTaskPlaceOnEventList  tasks.o
    0x0800f4c8   0x0800f4c8   0x00000038   Code   RO         5240    i.vTaskPlaceOnEventListRestricted  tasks.o
    0x0800f500   0x0800f500   0x0000007c   Code   RO         5245    i.vTaskResume       tasks.o
    0x0800f57c   0x0800f57c   0x0000008c   Code   RO         5248    i.vTaskStartScheduler  tasks.o
    0x0800f608   0x0800f608   0x0000009c   Code   RO         5249    i.vTaskSuspend      tasks.o
    0x0800f6a4   0x0800f6a4   0x00000010   Code   RO         5250    i.vTaskSuspendAll   tasks.o
    0x0800f6b4   0x0800f6b4   0x000000a4   Code   RO         5251    i.vTaskSwitchContext  tasks.o
    0x0800f758   0x0800f758   0x0000007c   Code   RO         6680    i.various_types_pid_update  cali_task.o
    0x0800f7d4   0x0800f7d4   0x00000020   Code   RO          768    i.view_float        usart.o
    0x0800f7f4   0x0800f7f4   0x000000e0   Code   RO         6917    i.vision_INS_distance_compensation  gimbal_task.o
    0x0800f8d4   0x0800f8d4   0x00000160   Code   RO         7119    i.vision_KM_interface  gui_task.o
    0x0800fa34   0x0800fa34   0x00000148   Code   RO         7120    i.vision_debug      gui_task.o
    0x0800fb7c   0x0800fb7c   0x000000a0   Code   RO         6918    i.vision_install_compensate  gimbal_task.o
    0x0800fc1c   0x0800fc1c   0x00000138   Code   RO         7121    i.vision_interface  gui_task.o
    0x0800fd54   0x0800fd54   0x00000260   Code   RO         7122    i.vision_pitch_KM   gui_task.o
    0x0800ffb4   0x0800ffb4   0x00000274   Code   RO         7123    i.vision_yaw_KM     gui_task.o
    0x08010228   0x08010228   0x000000f4   Code   RO         6262    i.xPortStartScheduler  port.o
    0x0801031c   0x0801031c   0x00000066   Code   RO         4826    i.xQueueGenericCreateStatic  queue.o
    0x08010382   0x08010382   0x00000002   PAD
    0x08010384   0x08010384   0x00000088   Code   RO         4827    i.xQueueGenericReset  queue.o
    0x0801040c   0x0801040c   0x00000160   Code   RO         4828    i.xQueueGenericSend  queue.o
    0x0801056c   0x0801056c   0x000000bc   Code   RO         4829    i.xQueueGenericSendFromISR  queue.o
    0x08010628   0x08010628   0x00000138   Code   RO         4838    i.xQueueReceive     queue.o
    0x08010760   0x08010760   0x00000088   Code   RO         5253    i.xTaskCheckForTimeOut  tasks.o
    0x080107e8   0x080107e8   0x0000005a   Code   RO         5254    i.xTaskCreate       tasks.o
    0x08010842   0x08010842   0x00000056   Code   RO         5255    i.xTaskCreateStatic  tasks.o
    0x08010898   0x08010898   0x0000000c   Code   RO         5258    i.xTaskGetCurrentTaskHandle  tasks.o
    0x080108a4   0x080108a4   0x00000088   Code   RO         5259    i.xTaskGetHandle    tasks.o
    0x0801092c   0x0801092c   0x0000001c   Code   RO         5260    i.xTaskGetSchedulerState  tasks.o
    0x08010948   0x08010948   0x0000000c   Code   RO         5261    i.xTaskGetTickCount  tasks.o
    0x08010954   0x08010954   0x000000c8   Code   RO         5263    i.xTaskIncrementTick  tasks.o
    0x08010a1c   0x08010a1c   0x00000080   Code   RO         5266    i.xTaskPriorityDisinherit  tasks.o
    0x08010a9c   0x08010a9c   0x00000070   Code   RO         5268    i.xTaskRemoveFromEventList  tasks.o
    0x08010b0c   0x08010b0c   0x000000c4   Code   RO         5269    i.xTaskResumeAll    tasks.o
    0x08010bd0   0x08010bd0   0x00000034   Code   RO         5618    i.xTimerCreate      timers.o
    0x08010c04   0x08010c04   0x00000060   Code   RO         5620    i.xTimerCreateTimerTask  timers.o
    0x08010c64   0x08010c64   0x00000068   Code   RO         5621    i.xTimerGenericCommand  timers.o
    0x08010ccc   0x08010ccc   0x00000048   Data   RO          376    .constdata          freertos.o
    0x08010d14   0x08010d14   0x00000008   Data   RO         1853    .constdata          stm32f4xx_hal_dma.o
    0x08010d1c   0x08010d1c   0x00000010   Data   RO         4601    .constdata          system_stm32f4xx.o
    0x08010d2c   0x08010d2c   0x00000008   Data   RO         4602    .constdata          system_stm32f4xx.o
    0x08010d34   0x08010d34   0x0000010c   Data   RO         7124    .constdata          gui_task.o
    0x08010e40   0x08010e40   0x0000000c   Data   RO         7278    .constdata          ins_task.o
    0x08010e4c   0x08010e4c   0x000000fc   Data   RO         7542    .constdata          start_task.o
    0x08010f48   0x08010f48   0x00000012   Data   RO         7820    .constdata          bmi088driver.o
    0x08010f5a   0x08010f5a   0x0000000c   Data   RO         8127    .constdata          ist8310driver.o
    0x08010f66   0x08010f66   0x00000820   Data   RO         8282    .constdata          oled.o
    0x08011786   0x08011786   0x00000002   PAD
    0x08011788   0x08011788   0x00000098   Data   RO         8755    .constdata          m_wm.l(atan.o)
    0x08011820   0x08011820   0x00000038   Data   RO         8795    .constdata          m_wm.l(log.o)
    0x08011858   0x08011858   0x00000008   Data   RO         9156    .constdata          m_wm.l(qnan.o)
    0x08011860   0x08011860   0x00000018   Data   RO          377    .conststring        freertos.o
    0x08011878   0x08011878   0x00000070   Data   RO         7393    .conststring        monitor_task.o
    0x080118e8   0x080118e8   0x0000005b   Data   RO         7544    .conststring        start_task.o
    0x08011943   0x08011943   0x00000001   PAD
    0x08011944   0x08011944   0x00000020   Data   RO         9211    Region$$Table       anon$$obj.o


    Execution Region RW_IRAM2 (Exec base: 0x10000000, Load base: 0x08011a94, Size: 0x00000000, Max: 0x00010000, ABSOLUTE)

    **** No section assigned to this execution region ****


    Execution Region RW_IRAM1 (Exec base: 0x20000000, Load base: 0x08011964, Size: 0x0000c268, Max: 0x00020000, ABSOLUTE, COMPRESSED[0x00000130])

    Exec Addr    Load Addr    Size         Type   Attr      Idx    E Section Name        Object

    0x20000000   COMPRESSED   0x00000008   Data   RW          196    .data               main.o
    0x20000008   COMPRESSED   0x00000008   Data   RW          378    .data               freertos.o
    0x20000010   COMPRESSED   0x00000014   Data   RW          441    .data               can.o
    0x20000024   COMPRESSED   0x00000008   Data   RW          442    .data               can.o
    0x2000002c   COMPRESSED   0x00000008   Data   RW          443    .data               can.o
    0x20000034   COMPRESSED   0x00000004   PAD
    0x20000038   COMPRESSED   0x00000008   Data   RW          637    .data               tim.o
    0x20000040   COMPRESSED   0x00000052   Data   RW          774    .data               usart.o
    0x20000092   COMPRESSED   0x00000002   PAD
    0x20000094   COMPRESSED   0x0000000c   Data   RW         2280    .data               stm32f4xx_hal.o
    0x200000a0   COMPRESSED   0x00000004   Data   RW         4537    .data               delay.o
    0x200000a4   COMPRESSED   0x00000004   Data   RW         4603    .data               system_stm32f4xx.o
    0x200000a8   COMPRESSED   0x00000044   Data   RW         5272    .data               tasks.o
    0x200000ec   COMPRESSED   0x00000014   Data   RW         5629    .data               timers.o
    0x20000100   COMPRESSED   0x00000004   Data   RW         5834    .data               cmsis_os2.o
    0x20000104   COMPRESSED   0x00000018   Data   RW         6212    .data               heap_4.o
    0x2000011c   COMPRESSED   0x0000000c   Data   RW         6263    .data               port.o
    0x20000128   COMPRESSED   0x0000000c   Data   RW         6685    .data               cali_task.o
    0x20000134   COMPRESSED   0x00000030   Data   RW         6801    .data               connect_task.o
    0x20000164   COMPRESSED   0x00000208   Data   RW         6920    .data               gimbal_task.o
    0x2000036c   COMPRESSED   0x00000004   Data   RW         7125    .data               gui_task.o
    0x20000370   COMPRESSED   0x000000ac   Data   RW         7280    .data               ins_task.o
    0x2000041c   COMPRESSED   0x00000070   Data   RW         7394    .data               monitor_task.o
    0x2000048c   COMPRESSED   0x0000000a   Data   RW         7459    .data               shoot_task.o
    0x20000496   COMPRESSED   0x00000002   PAD
    0x20000498   COMPRESSED   0x0000001c   Data   RW         7546    .data               start_task.o
    0x200004b4   COMPRESSED   0x00000014   Data   RW         7613    .data               mahonyahrs.o
    0x200004c8   COMPRESSED   0x00000090   Data   RW         7766    .data               pid.o
    0x20000558   COMPRESSED   0x00000060   Data   RW         7767    .data               pid.o
    0x200005b8   COMPRESSED   0x00000030   Data   RW         7768    .data               pid.o
    0x200005e8   COMPRESSED   0x0000002c   Data   RW         7821    .data               bmi088driver.o
    0x20000614   COMPRESSED   0x00000004   Data   RW         9184    .data               mc_w.l(errno.o)
    0x20000618        -       0x00000088   Zero   RW          438    .bss                can.o
    0x200006a0        -       0x00000018   Zero   RW          439    .bss                can.o
    0x200006b8        -       0x00000018   Zero   RW          440    .bss                can.o
    0x200006d0        -       0x00000054   Zero   RW          524    .bss                i2c.o
    0x20000724        -       0x00000118   Zero   RW          568    .bss                spi.o
    0x2000083c        -       0x00000180   Zero   RW          636    .bss                tim.o
    0x200009bc        -       0x00000028   Zero   RW          770    .bss                usart.o
    0x200009e4        -       0x000002d4   Zero   RW          771    .bss                usart.o
    0x20000cb8        -       0x00000040   Zero   RW         1094    .bss                stm32f4xx_hal_timebase_tim.o
    0x20000cf8        -       0x00000040   Zero   RW         4842    .bss                queue.o
    0x20000d38        -       0x000004c4   Zero   RW         5271    .bss                tasks.o
    0x200011fc        -       0x00000118   Zero   RW         5628    .bss                timers.o
    0x20001314        -       0x000006c8   Zero   RW         5833    .bss                cmsis_os2.o
    0x200019dc        -       0x00006000   Zero   RW         6211    .bss                heap_4.o
    0x200079dc        -       0x000000f0   Zero   RW         6347    .bss                can1_app.o
    0x20007acc        -       0x00000104   Zero   RW         6421    .bss                can2_app.o
    0x20007bd0        -       0x0000002c   Zero   RW         6494    .bss                remote_app.o
    0x20007bfc        -       0x0000000a   Zero   RW         6557    .bss                rule.o
    0x20007c06   COMPRESSED   0x00000002   PAD
    0x20007c08        -       0x00000088   Zero   RW         6682    .bss                cali_task.o
    0x20007c90        -       0x00000340   Zero   RW         6919    .bss                gimbal_task.o
    0x20007fd0        -       0x00000128   Zero   RW         7272    .bss                ins_task.o
    0x200080f8        -       0x00000170   Zero   RW         7458    .bss                shoot_task.o
    0x20008268        -       0x00004000   Zero   RW         6330    STACK               startup_stm32f407xx.o


==============================================================================

Image component sizes


      Code (inc. data)   RO Data    RW Data    ZI Data      Debug   Object Name

      2166         34         18         44          0      15243   bmi088driver.o
       230         40          0          0          0       6256   bmi088middleware.o
       766         60          0         12        136      19990   cali_task.o
       612         64          0         36        184       4725   can.o
       456         54          0          0        240       6513   can1_app.o
       534         66          0          0        260       8197   can2_app.o
       604         46          0          4       1736      33886   cmsis_os2.o
       686         82          0         48          0       7593   connect_task.o
       164         14          0          4          0       2367   delay.o
       156          4          0          0          0       1018   dma.o
         0          0          0          0          0      20056   event_groups.o
         0          0          0          0          0     713984   flash.o
        86         24         96          8          0       3933   freertos.o
      2454        210          0        520        832      34779   gimbal_task.o
       560         52          0          0          0       2574   gpio.o
      8284       1388        268          4          0      21981   gui_task.o
       460         24          0         24      24576       5255   heap_4.o
       200         32          0          0         84       2041   i2c.o
      2952        208         12        172        296      13666   ins_task.o
       128          6         12          0          0       2323   ist8310driver.o
       186         32          0          0          0       5291   ist8310driver_middleware.o
       138          0          0          0          0       4026   list.o
      1416         36          0         20          0       4661   mahonyahrs.o
       354         30          0          8          0      28807   main.o
       440         40        112        112          0       5588   monitor_task.o
      1924         50       2080          0          0      22473   oled.o
       260          6          0        288          0       3213   pid.o
       786         82          0         12          0      12549   port.o
      1512         20          0          0         64      18568   queue.o
       404         12          0          0         44       7078   remote_app.o
       188         24          0          0         10       2717   rule.o
      1328         88          0         10        368      10238   shoot_task.o
      5280         88          0          0        280       4793   spi.o
       156         36        343         28          0       2473   start_task.o
        36          8        392          0      16384        884   startup_stm32f407xx.o
        80         14          0         12          0       8562   stm32f4xx_hal.o
      2692        304          0          0          0      16267   stm32f4xx_hal_can.o
       628        316          0          0          0      35246   stm32f4xx_hal_cortex.o
      1694        138          8          0          0       8238   stm32f4xx_hal_dma.o
       916        202          0          0          0       3535   stm32f4xx_hal_gpio.o
      2578        234          0          0          0      14002   stm32f4xx_hal_i2c.o
        56          4          0          0          0       1026   stm32f4xx_hal_msp.o
      1992        198          0          0          0       6641   stm32f4xx_hal_rcc.o
      1224        132          0          0          0       5213   stm32f4xx_hal_spi.o
      4714       1048          0          0          0      19484   stm32f4xx_hal_tim.o
       668        162          0          0          0       3825   stm32f4xx_hal_tim_ex.o
       116         14          0          0         64       1659   stm32f4xx_hal_timebase_tim.o
      2040        178          0          0          0      15799   stm32f4xx_hal_uart.o
       316        112          0          0          0      15020   stm32f4xx_it.o
         0          0          0          0          0        392   stream_buffer.o
        28          6         24          4          0       1395   system_stm32f4xx.o
      3466        276          0         68       1220      41578   tasks.o
      1292        150          0          8        384      10802   tim.o
      1102         80          0         20        280      31662   timers.o
      1496        140          0         82        764      11961   usart.o
         0          0          0          0          0        644   user_lib.o

    ----------------------------------------------------------------------
     63062       6668       3400       1556      48208    1312690   Object Totals
         0          0         32          0          0          0   (incl. Generated)
        58          0          3          8          2          0   (incl. Padding)

    ----------------------------------------------------------------------

      Code (inc. data)   RO Data    RW Data    ZI Data      Debug   Library Member Name

       300         42          0          0          0        176   asinf.o
       728        106        152          0          0        228   atan.o
       684         90          0          0          0        208   atan2f.o
       132         36          0          0          0        496   dunder.o
        24          0          0          0          0        124   fabs.o
        48          0          0          0          0        124   fpclassify.o
        38          0          0          0          0        116   fpclassifyf.o
        44         12          0          0          0        464   funder.o
       964         92         56          0          0        316   log.o
       248          0          0          0          0        152   poly.o
         0          0          8          0          0          0   qnan.o
       122          0          0          0          0        148   sqrt_full.o
       120          0          0          0          0        272   sqrtf_full.o
        86          0          0          0          0          0   __dczerorl2.o
         0          0          0          0          0          0   entry.o
         0          0          0          0          0          0   entry10a.o
         0          0          0          0          0          0   entry11a.o
         4          0          0          0          0          0   entry12b.o
         8          4          0          0          0          0   entry2.o
         4          0          0          0          0          0   entry5.o
         0          0          0          0          0          0   entry7b.o
         0          0          0          0          0          0   entry8b.o
         8          4          0          0          0          0   entry9a.o
        12          6          0          4          0         68   errno.o
        30          0          0          0          0          0   handlers.o
        36          8          0          0          0         68   init.o
         0          0          0          0          0          0   iusefp.o
        30          0          0          0          0         68   llshl.o
        36          0          0          0          0         68   llsshr.o
        32          0          0          0          0         68   llushr.o
        36          0          0          0          0         68   memcpya.o
        36          0          0          0          0        108   memseta.o
        14          0          0          0          0         68   strlen.o
        98          0          0          0          0         92   uldiv.o
        48          0          0          0          0         68   cdcmple.o
        56          0          0          0          0         88   d2f.o
       334          0          0          0          0        148   dadd.o
       222          0          0          0          0        100   ddiv.o
       186          0          0          0          0        176   depilogue.o
        34          0          0          0          0         76   dflti.o
       228          0          0          0          0         96   dmul.o
       162          0          0          0          0        100   dsqrt.o
        38          0          0          0          0         68   f2d.o
       110          0          0          0          0        168   fepilogue.o

    ----------------------------------------------------------------------
      5358        408        216          4          0       4588   Library Totals
        18          8          0          0          0          0   (incl. Padding)

    ----------------------------------------------------------------------

      Code (inc. data)   RO Data    RW Data    ZI Data      Debug   Library Name

      3452        378        216          0          0       2824   m_wm.l
       470         22          0          4          0        676   mc_w.l
      1418          0          0          0          0       1088   mf_w.l

    ----------------------------------------------------------------------
      5358        408        216          4          0       4588   Library Totals

    ----------------------------------------------------------------------

==============================================================================


      Code (inc. data)   RO Data    RW Data    ZI Data      Debug   

     68420       7076       3616       1560      48208    1271230   Grand Totals
     68420       7076       3616        304      48208    1271230   ELF Image Totals (compressed)
     68420       7076       3616        304          0          0   ROM Totals

==============================================================================

    Total RO  Size (Code + RO Data)                72036 (  70.35kB)
    Total RW  Size (RW Data + ZI Data)             49768 (  48.60kB)
    Total ROM Size (Code + RO Data + RW Data)      72340 (  70.64kB)

==============================================================================

